----------------
 discretization 
----------------
solving on [0, 0.0075]
no. of spatial points = [320, 320], dx = [0.003125, 0.003125]
no. of time intervals = 2, dt = 5.859375e-05
collocation points = [1.95313e-05 5.85937e-05]
alphas = [1e-08]
betas = [1.0]
rolling intervals = 64

-----------------
 parallelization 
-----------------
proc. for collocation-space problem: 1
proc. for time problem: 2
total: 2

-------
 other 
-------
maxiter of paradiag = 50
output document = None
tol = 1e-05
inner solver = custom
inner solver tol = 1e-07
inner solver maxiter = 500

--------
 output 
--------
convergence = 1
iterations of paradiag = [2, 2, 2, 2, 2, 2, 2, 2, 2, 2, 2, 2, 2, 2, 2, 2, 2, 2, 2, 2, 2, 2, 2, 2, 2, 2, 2, 2, 2, 2, 2, 2, 2, 2, 2, 2, 2, 2, 2, 2, 2, 2, 2, 2, 2, 2, 2, 2, 2, 2, 2, 2, 2, 2, 2, 2, 2, 2, 2, 2, 2, 2, 2, 2]
total iterations of paradiag = 128
max iterations of paradiag = 2
min iterations of paradiag = 2

algorithm time = 69.08047 s
communication time = 0.73570 s

consecutive errors = 
[inf, 0.0337146, 0.000251217]
[inf, 0.0334645, 0.000206012]
[inf, 0.033537, 0.000203112]
[inf, 0.0336042, 0.000203355]
[inf, 0.0336683, 0.000203954]
[inf, 0.0337358, 0.000204327]
[inf, 0.0338042, 0.000205178]
[inf, 0.0338521, 0.000206]
[inf, 0.0338971, 0.000206806]
[inf, 0.0339628, 0.000207642]
[inf, 0.0340339, 0.00020849]
[inf, 0.0341026, 0.000208894]
[inf, 0.034172, 0.000209726]
[inf, 0.0342419, 0.000210523]
[inf, 0.0342727, 0.000211461]
[inf, 0.0343454, 0.000212304]
[inf, 0.0344171, 0.000213207]
[inf, 0.0344851, 0.000214008]
[inf, 0.0345587, 0.000214552]
[inf, 0.0346318, 0.000215476]
[inf, 0.0346848, 0.000216359]
[inf, 0.0347391, 0.000217277]
[inf, 0.0348119, 0.000218196]
[inf, 0.0348905, 0.00021912]
[inf, 0.0349627, 0.000219606]
[inf, 0.0350391, 0.000220511]
[inf, 0.0351106, 0.000221555]
[inf, 0.0351589, 0.000222512]
[inf, 0.035234, 0.000223486]
[inf, 0.0353058, 0.00022445]
[inf, 0.035388, 0.000225182]
[inf, 0.0354653, 0.000226062]
[inf, 0.035543, 0.000226994]
[inf, 0.0355908, 0.000228064]
[inf, 0.0356713, 0.000229038]
[inf, 0.0357502, 0.000230096]
[inf, 0.0358285, 0.000231043]
[inf, 0.0359087, 0.000231853]
[inf, 0.0359912, 0.000232877]
[inf, 0.0360462, 0.000233876]
[inf, 0.0361255, 0.000234997]
[inf, 0.0362104, 0.000236058]
[inf, 0.0362898, 0.000237137]
[inf, 0.0363761, 0.00023795]
[inf, 0.0364605, 0.000239055]
[inf, 0.0365271, 0.000240093]
[inf, 0.0366008, 0.000241281]
[inf, 0.0366904, 0.000242406]
[inf, 0.0367749, 0.000243543]
[inf, 0.0368637, 0.000244415]
[inf, 0.0369507, 0.000245584]
[inf, 0.0370241, 0.000246685]
[inf, 0.0371, 0.000247932]
[inf, 0.0371929, 0.000249121]
[inf, 0.0372803, 0.000250322]
[inf, 0.0373731, 0.000251281]
[inf, 0.0374641, 0.000252497]
[inf, 0.0375392, 0.000253635]
[inf, 0.0376241, 0.000254985]
[inf, 0.0377187, 0.000256237]
[inf, 0.0378074, 0.000257508]
[inf, 0.0379052, 0.000258551]
[inf, 0.0380015, 0.00025979]
[inf, 0.038075, 0.000259153]
residuals = 
[0.0192311, 0.000392876, 5.24983e-06]
[0.0167255, 0.000332381, 3.9243e-06]
[0.0167462, 0.000328867, 3.85016e-06]
[0.0167832, 0.00032979, 3.85783e-06]
[0.0168167, 0.000331093, 3.87755e-06]
[0.0168502, 0.000332256, 3.89509e-06]
[0.0168833, 0.000333635, 3.91015e-06]
[0.016913, 0.000334967, 3.9342e-06]
[0.0169304, 0.000335649, 3.95692e-06]
[0.0169643, 0.000336975, 3.98093e-06]
[0.016997, 0.000338257, 4.00482e-06]
[0.0170328, 0.000339552, 4.02888e-06]
[0.0170673, 0.000340992, 4.04129e-06]
[0.017102, 0.000342344, 4.06487e-06]
[0.0171201, 0.000343724, 4.08924e-06]
[0.0171502, 0.000344301, 4.1164e-06]
[0.017188, 0.000345868, 4.1412e-06]
[0.0172241, 0.000347391, 4.16675e-06]
[0.0172599, 0.000348683, 4.18803e-06]
[0.0172956, 0.000350205, 4.20831e-06]
[0.0173279, 0.000351675, 4.23476e-06]
[0.0173512, 0.000352597, 4.25935e-06]
[0.0173869, 0.00035402, 4.28781e-06]
[0.0174228, 0.00035535, 4.31468e-06]
[0.0174614, 0.000357039, 4.34183e-06]
[0.0174985, 0.000358459, 4.35521e-06]
[0.017536, 0.00036006, 4.38594e-06]
[0.017557, 0.000361409, 4.4161e-06]
[0.0175958, 0.000362656, 4.44267e-06]
[0.0176338, 0.000364212, 4.47249e-06]
[0.0176712, 0.000365623, 4.50176e-06]
[0.0177097, 0.000367351, 4.52165e-06]
[0.0177494, 0.000368934, 4.55002e-06]
[0.0177763, 0.000370532, 4.57955e-06]
[0.017811, 0.00037156, 4.61222e-06]
[0.0178527, 0.000373321, 4.64227e-06]
[0.0178921, 0.000374996, 4.67307e-06]
[0.0179327, 0.000376567, 4.69861e-06]
[0.0179726, 0.000378257, 4.72782e-06]
[0.0180074, 0.000380003, 4.75761e-06]
[0.0180372, 0.000380941, 4.79134e-06]
[0.0180802, 0.000382876, 4.82265e-06]
[0.0181232, 0.000384767, 4.85699e-06]
[0.0181642, 0.00038638, 4.88783e-06]
[0.0182065, 0.000388236, 4.91684e-06]
[0.0182454, 0.000390036, 4.94947e-06]
[0.0182758, 0.000391101, 4.98309e-06]
[0.0183183, 0.000393045, 5.01871e-06]
[0.018364, 0.00039509, 5.05365e-06]
[0.0184062, 0.00039686, 5.08857e-06]
[0.0184507, 0.000398789, 5.11925e-06]
[0.0184923, 0.000400669, 5.15419e-06]
[0.0185237, 0.000401779, 5.19006e-06]
[0.0185687, 0.000403936, 5.22825e-06]
[0.0186159, 0.000406062, 5.26562e-06]
[0.01866, 0.000407887, 5.30307e-06]
[0.0187063, 0.000409943, 5.33633e-06]
[0.0187493, 0.000411943, 5.37287e-06]
[0.0187819, 0.000413367, 5.41386e-06]
[0.0188317, 0.000415578, 5.45247e-06]
[0.0188794, 0.000417699, 5.49446e-06]
[0.0189263, 0.000419594, 5.53245e-06]
[0.0189736, 0.000421704, 5.56801e-06]
[0.0190166, 0.000423901, 5.55997e-07]

-----------------------< end summary >-----------------------
