-----------------------< summary >-----------------------
solving on T1 = 0, T2 = 0.00016
no. of spatial points = [800, 800]
dx = [0.00125, 0.00125]
no. of time points on an interval = 1
    [2.5e-06]
no. of time intervals = 64
no. of alphas = 2
    [0.0063245574268364895, 0.056234141883896874]
rolling intervals = 1
dt (of one SDC interval) = 2.5e-06
processors for spatial parallelization for solving (I - Q x A) are 1
processors for time interval parallelization are 64
maxiter = 10
output document = None
tol = 1e-05
last error = [[inf, 0.001015659748650033, 6.796588262747427e-06]]
iterations of Paralpha = [2.]
max iterations of Paralpha = 2.0
algorithm time = 1.29374 s
communication time = 0.29682 s
inner solver = custom
system_time_max = [0.42760497699964617, 0.425718138999855]
system_time_min = [0.37843006200000673, 0.3711047460001282]
solver_its_max = [[3, 3]]
solver_its_min = [[2, 2]]
inner solver tols = [1e-09, 1e-09]
inner solver maxiter = 50
-----------------------< end summary >-----------------------
abs err = 7.926440909744592e-06
