-----------------------< summary >-----------------------
solving on T1 = 0, T2 = 0.00064
no. of spatial points = [800, 800]
dx = [0.00125, 0.00125]
no. of time points on an interval = 2
    [3.33333e-06 1.00000e-05]
no. of time intervals = 64
no. of alphas = 3
    [3.1727926786157194e-05, 0.003982959125208116, 0.044625996488639415]
rolling intervals = 1
dt (of one SDC interval) = 1e-05
processors for spatial parallelization for solving (I - Q x A) are 1
processors for time interval parallelization are 64
maxiter = 10
output document = None
tol = 1e-09
last error = [[inf, 0.004021325812070875, 1.2826005002519736e-07, 5.349204412752329e-10]]
iterations of Paralpha = [3.]
max iterations of Paralpha = 3.0
algorithm time = 5.47151 s
communication time = 0.89495 s
inner solver = custom
system_time_max = [1.4478502430001754, 1.3611809069998344, 1.3454194400001143]
system_time_min = [1.2802427569999963, 1.2651477350000278, 1.268878377999954]
solver_its_max = [[3, 3, 3]]
solver_its_min = [[3, 3, 3]]
inner solver tols = [1e-13, 1e-13, 1e-13]
inner solver maxiter = 50
-----------------------< end summary >-----------------------
abs err = 3.268054722147245e-10
