-----------------------< summary >-----------------------
solving on T1 = 3.141592653589793, T2 = 3.3015926535897933
no. of spatial points = [400, 400]
dx = [0.0025, 0.0025]
no. of time points on an interval = 2
    [0.00083 0.0025 ]
no. of time intervals = 64
no. of alphas = 2
    [0.0002188512493561165, 0.010460670374218769]
rolling intervals = 1
dt (of one SDC interval) = 0.0025000000000000022
processors for spatial parallelization for solving (I - Q x A) are 1
processors for time interval parallelization are 64
maxiter = 10
output document = None
tol = 1e-09
last error = [[inf, 0.012772715842285565, 7.45495887244374e-11]]
iterations of Paralpha = [2.]
max iterations of Paralpha = 2.0
algorithm time = 0.92291 s
communication time = 0.13824 s
inner solver = custom
system_time_max = [0.3526252750002641, 0.3513171479999073]
system_time_min = [0.3323463020001327, 0.3252737220000199]
solver_its_max = [[1, 1]]
solver_its_min = [[1, 1]]
inner solver tols = [1e-10, 1e-10]
inner solver maxiter = 50
-----------------------< end summary >-----------------------
abs err = 7.079698879107627e-10
