----------------
 discretization 
----------------
solving on [0, 0.001]
no. of spatial points = [1500, 1500], dx = [0.0026666666666666666, 0.0026666666666666666]
no. of time intervals = 2, dt = 7.8125e-06
collocation points = [7.8125e-06]
alphas = [1e-08]
betas = [0.0]
rolling intervals = 64

-----------------
 parallelization 
-----------------
proc. for collocation-space problem: 1
proc. for time problem: 2
total: 2

-------
 other 
-------
maxiter of paradiag = 15
output document = None
tol = 1e-06
inner solver = custom
inner solver tol = 1e-08
inner solver maxiter = 500

--------
 output 
--------
convergence = 1
iterations of paradiag = [1, 1, 1, 1, 1, 1, 1, 1, 1, 1, 1, 1, 1, 1, 1, 1, 1, 1, 1, 1, 1, 1, 1, 1, 1, 1, 1, 1, 1, 1, 1, 1, 1, 1, 1, 1, 1, 1, 1, 1, 1, 1, 1, 1, 1, 1, 1, 1, 1, 1, 1, 1, 1, 1, 1, 1, 1, 1, 1, 1, 1, 1, 1, 1]
total iterations of paradiag = 64
max iterations of paradiag = 1
min iterations of paradiag = 1

algorithm time = 175.14936 s
communication time = 8.74364 s

consecutive errors = 
[inf, 0.00288326]
[inf, 0.00137723]
[inf, 0.0010281]
[inf, 0.000859301]
[inf, 0.000754034]
[inf, 0.0006802]
[inf, 0.000624695]
[inf, 0.000580993]
[inf, 0.000545422]
[inf, 0.000515736]
[inf, 0.000490471]
[inf, 0.000468627]
[inf, 0.000449497]
[inf, 0.00043256]
[inf, 0.000417427]
[inf, 0.000403798]
[inf, 0.000391441]
[inf, 0.000380168]
[inf, 0.00036983]
[inf, 0.000360305]
[inf, 0.00035149]
[inf, 0.000343303]
[inf, 0.000335671]
[inf, 0.000328535]
[inf, 0.000321844]
[inf, 0.000315552]
[inf, 0.000309622]
[inf, 0.00030402]
[inf, 0.000298718]
[inf, 0.000293688]
[inf, 0.00028891]
[inf, 0.000284362]
[inf, 0.000280026]
[inf, 0.000275887]
[inf, 0.00027193]
[inf, 0.000268142]
[inf, 0.000264512]
[inf, 0.000261028]
[inf, 0.000257682]
[inf, 0.000254464]
[inf, 0.000251366]
[inf, 0.000248381]
[inf, 0.000245503]
[inf, 0.000242725]
[inf, 0.000240041]
[inf, 0.000237447]
[inf, 0.000234937]
[inf, 0.000232507]
[inf, 0.000230152]
[inf, 0.00022787]
[inf, 0.000225656]
[inf, 0.000223507]
[inf, 0.00022142]
[inf, 0.000219392]
[inf, 0.00021742]
[inf, 0.000215502]
[inf, 0.000213635]
[inf, 0.000211817]
[inf, 0.000210046]
[inf, 0.00020832]
[inf, 0.000206637]
[inf, 0.000204995]
[inf, 0.000203393]
[inf, 0.000201829]
residuals = 
[0.00521755, 9.96185e-09]
[0.00103473, 4.93307e-09]
[0.000621808, 3.65058e-09]
[0.000486523, 3.03664e-09]
[0.000413668, 2.65751e-09]
[0.000366253, 2.39068e-09]
[0.000332218, 2.19182e-09]
[0.000306256, 2.03883e-09]
[0.000285607, 1.90753e-09]
[0.000268674, 1.80633e-09]
[0.000254461, 1.71158e-09]
[0.00024231, 1.63569e-09]
[0.000231767, 1.56258e-09]
[0.000222504, 1.50364e-09]
[0.000214283, 1.45069e-09]
[0.000206922, 1.40391e-09]
[0.00020028, 1.36378e-09]
[0.000194247, 1.32115e-09]
[0.000188736, 1.28441e-09]
[0.000183676, 1.24963e-09]
[0.000179008, 1.21604e-09]
[0.000174684, 1.18883e-09]
[0.000170664, 1.16118e-09]
[0.000166914, 1.13663e-09]
[0.000163404, 1.11057e-09]
[0.000160111, 1.08871e-09]
[0.000157013, 1.06555e-09]
[0.000154091, 1.04767e-09]
[0.000151329, 1.02678e-09]
[0.000148714, 1.01011e-09]
[0.000146232, 9.92847e-10]
[0.000143872, 9.7507e-10]
[0.000141626, 9.62239e-10]
[0.000139484, 9.45958e-10]
[0.000137438, 9.32131e-10]
[0.000135481, 9.18257e-10]
[0.000133608, 9.05569e-10]
[0.000131811, 8.92889e-10]
[0.000130087, 8.81482e-10]
[0.000128431, 8.69929e-10]
[0.000126837, 8.5812e-10]
[0.000125303, 8.48511e-10]
[0.000123824, 8.38268e-10]
[0.000122398, 8.27606e-10]
[0.000121021, 8.19063e-10]
[0.000119691, 8.09606e-10]
[0.000118404, 8.01383e-10]
[0.00011716, 7.92566e-10]
[0.000115954, 7.85757e-10]
[0.000114787, 7.76877e-10]
[0.000113654, 7.69271e-10]
[0.000112555, 7.61045e-10]
[0.000111489, 7.54229e-10]
[0.000110453, 7.46328e-10]
[0.000109446, 7.40549e-10]
[0.000108467, 7.32247e-10]
[0.000107514, 7.26899e-10]
[0.000106587, 7.18776e-10]
[0.000105684, 7.13491e-10]
[0.000104804, 7.07008e-10]
[0.000103947, 7.02104e-10]
[0.000103111, 6.94908e-10]
[0.000102295, 6.89806e-10]
[0.000101499, 6.84017e-10]

-----------------------< end summary >-----------------------
diff = 3.5621088689818947e-07
