----------------
 discretization 
----------------
solving on [0, 0.003]
no. of spatial points = [180, 180], dx = [0.005555555555555556, 0.005555555555555556]
no. of time intervals = 16, dt = 4.6875e-05
collocation points = [1.5625e-05 4.6875e-05]
alphas = [1e-08]
betas = [1.0]
rolling intervals = 4

-----------------
 parallelization 
-----------------
proc. for collocation-space problem: 1
proc. for time problem: 16
total: 16

-------
 other 
-------
maxiter of paradiag = 50
output document = None
tol = 1e-09
inner solver = custom
inner solver tol = 1e-11
inner solver maxiter = 500

--------
 output 
--------
convergence = 1
iterations of paradiag = [11, 11, 11, 8]
total iterations of paradiag = 41
max iterations of paradiag = 11
min iterations of paradiag = 8

algorithm time = 10.82030 s
communication time = 0.24273 s

consecutive errors = 
[inf, 0.214564, 0.0237571, 0.0108426, 0.00216002, 0.000557036, 9.32399e-05, 1.72346e-05, 2.41282e-06, 3.51523e-07, 4.20014e-08, 5.04995e-09]
[inf, 0.216568, 0.0238417, 0.0111219, 0.00220686, 0.00057838, 9.72382e-05, 1.81783e-05, 2.56642e-06, 3.77423e-07, 4.54817e-08, 5.51934e-09]
[inf, 0.21908, 0.0245812, 0.0115619, 0.00233715, 0.000616171, 0.000105618, 1.99725e-05, 2.85926e-06, 4.26088e-07, 5.20096e-08, 6.39397e-09]
[inf, 0.222111, 0.018651, 0.00307202, 0.000196944, 1.53225e-05, 7.65117e-07, 3.69641e-08, 1.40229e-09]
residuals = 
[0.0144623, 0.0192005, 0.00493804, 0.0019274, 0.000395719, 9.42279e-05, 1.53713e-05, 2.66892e-06, 3.59232e-07, 4.94137e-08, 5.62907e-09, 6.38551e-10]
[0.0134656, 0.0194366, 0.00498505, 0.00197666, 0.000407719, 9.86105e-05, 1.61382e-05, 2.84279e-06, 3.8407e-07, 5.35279e-08, 6.12984e-09, 7.03301e-10]
[0.0136306, 0.0199597, 0.00522132, 0.00208903, 0.000437433, 0.000106886, 1.77789e-05, 3.16253e-06, 4.34973e-07, 6.11712e-08, 7.12444e-09, 8.25342e-10]
[0.0138049, 0.0204844, 0.0018281, 0.000242121, 1.52015e-05, 1.01842e-06, 4.65017e-08, 1.88519e-09, 6.09902e-11]

-----------------------< end summary >-----------------------
diff = 2.00205563585798e-09
