on 63,  abs, rel err inf norm [from paralpha] = 4.023234292382938e-07, 4.023293393948375e-07, iter = 0, rolling = 0
on 63,  abs, rel err inf norm [from paralpha] = 3.2925295823105216e-10, 3.292577949777693e-10, iter = 1, rolling = 0
-----------------------< summary >-----------------------
solving on T1 = 0, T2 = 0.00064
no. of spatial points = [800, 800]
dx = [0.00125, 0.00125]
no. of time points on an interval = 2
no. of time intervals = 64
no. of alphas = 1, [0.0001]
rolling intervals = 1
dt (of one SDC interval) = 1e-05
processors for spatial parallelization for solving (I - Q x A) are 1
processors for time interval parallelization are 64
maxiter = 10
output document = None
tol = 1e-09
last error = NotImplemented
residuals = [[6.283185560052029e-05, 4.0216005448012737e-07, 4.022016053539801e-11]]
consecutive errors= [[inf, 0.00402160054466021, 4.02203227248938e-07]]
iterations of Paralpha = [2.]
max iterations of Paralpha = 2.0
algorithm time = 3.76745 s
communication time = 0.66308 s
inner solver = custom
system_time_max = [1.2448985940000057, 1.3007045669996842]
system_time_min = [1.1869509070002096, 1.1847698749998017]
solver_its_max = [[2, 4]]
solver_its_min = [[2, 2]]
inner solver tols = [1e-13, 1e-13]
inner solver maxiter = 500
-----------------------< end summary >-----------------------
abs err = 0.004021198223405575
on 63,  abs, rel err inf norm [from paralpha] = 3.257770698613635e-10, 3.2578185554706136e-10, iter = 0, rolling = 0
-----------------------< summary >-----------------------
solving on T1 = 0, T2 = 0.00064
no. of spatial points = [800, 800]
dx = [0.00125, 0.00125]
no. of time points on an interval = 2
no. of time intervals = 64
no. of alphas = 1, [1e-08]
rolling intervals = 1
dt (of one SDC interval) = 1e-05
processors for spatial parallelization for solving (I - Q x A) are 1
processors for time interval parallelization are 64
maxiter = 5
output document = None
tol = 1e-09
last error = NotImplemented
residuals = [[6.283185560052029e-05, 4.0212055907318245e-11]]
consecutive errors= [[inf, 0.004021198375211929]]
iterations of Paralpha = [1.]
max iterations of Paralpha = 1.0
algorithm time = 1.95702 s
communication time = 0.34912 s
inner solver = custom
system_time_max = [1.269568563000007]
system_time_min = [1.185645582999996]
solver_its_max = [[3]]
solver_its_min = [[2]]
inner solver tols = [1e-13]
inner solver maxiter = 1000
-----------------------< end summary >-----------------------
abs err = 0.004021198223405575
