on 63,  abs, rel err inf norm [from paralpha] = 7.121863113399163e-10, 7.214005562171429e-10, iter = 0, rolling = 0
on 63,  abs, rel err inf norm [from paralpha] = 7.116650602157153e-10, 7.2087256116172e-10, iter = 1, rolling = 0
-----------------------< summary >-----------------------
solving on T1 = 3.141592653589793, T2 = 3.3015926535897933
no. of spatial points = [400, 400]
dx = [0.0025, 0.0025]
no. of time points on an interval = 2
no. of time intervals = 64
no. of alphas = 1, [0.0001]
rolling intervals = 1
dt (of one SDC interval) = 0.0025000000000000022
processors for spatial parallelization for solving (I - Q x A) are 1
processors for time interval parallelization are 64
maxiter = 5
output document = None
tol = 1e-09
last error = NotImplemented
residuals = [[0.002877335905196343, 1.2772717846720738e-06, 8.537615059367454e-13]]
consecutive errors= [[inf, 0.012772715915863807, 1.196139404512716e-06]]
iterations of Paralpha = [2.]
max iterations of Paralpha = 2.0
algorithm time = 36.03039 s
communication time = 0.37949 s
inner solver = custom
system_time_max = [9.441994595999859, 25.689430398999775]
system_time_min = [7.082359266999902, 10.347044847999769]
solver_its_max = [[137, 723]]
solver_its_min = [[83, 124]]
inner solver tols = [1e-10, 1e-10]
inner solver maxiter = 1000
-----------------------< end summary >-----------------------
