(terminateJob:) KVS process 0x025633e5[598:13285] finished
