----------------
 discretization 
----------------
solving on [0, 0.0075]
no. of spatial points = [320, 320], dx = [0.003125, 0.003125]
no. of time intervals = 32, dt = 5.859375e-05
collocation points = [1.95313e-05 5.85937e-05]
alphas = [1e-08]
betas = [1.0]
rolling intervals = 4

-----------------
 parallelization 
-----------------
proc. for collocation-space problem: 1
proc. for time problem: 32
total: 32

-------
 other 
-------
maxiter of paradiag = 50
output document = None
tol = 1e-05
inner solver = custom
inner solver tol = 1e-07
inner solver maxiter = 500

--------
 output 
--------
convergence = 1
iterations of paradiag = [23, 23, 24, 10]
total iterations of paradiag = 80
max iterations of paradiag = 24
min iterations of paradiag = 10

algorithm time = 64.37641 s
communication time = 2.81691 s

consecutive errors = 
[inf, 0.561998, 0.59701, 0.692959, 0.760476, 0.770782, 0.659003, 0.645395, 0.485796, 0.430633, 0.283241, 0.210657, 0.121087, 0.0729025, 0.0371053, 0.0186091, 0.00848048, 0.00370993, 0.00152562, 0.000598979, 0.000223657, 7.99503e-05, 2.73066e-05, 8.92108e-06]
[inf, 0.561368, 0.57349, 0.685359, 0.77662, 0.791884, 0.692498, 0.683053, 0.524633, 0.474081, 0.319555, 0.245749, 0.14512, 0.0906986, 0.0473005, 0.0244881, 0.0114248, 0.00513146, 0.00215899, 0.000867756, 0.000331344, 0.000120875, 4.20911e-05, 1.40173e-05]
[inf, 0.591042, 0.644208, 0.743596, 0.87216, 0.882208, 0.782212, 0.785106, 0.62388, 0.587385, 0.413149, 0.338566, 0.207884, 0.139443, 0.075407, 0.0413381, 0.0199693, 0.00936089, 0.00407446, 0.00169742, 0.000670237, 0.000252815, 9.09561e-05, 3.12831e-05, 1.02829e-05]
[inf, 0.61127, 0.245497, 0.155265, 0.0407669, 0.0196568, 0.00501478, 0.00158942, 0.000345744, 7.91335e-05, 1.5124e-05]
residuals = 
[0.0192311, 0.20512, 0.198643, 0.298418, 0.29416, 0.303805, 0.309198, 0.281136, 0.267417, 0.201116, 0.161404, 0.100449, 0.0640908, 0.0342367, 0.0178417, 0.00841724, 0.00379519, 0.00160302, 0.000644137, 0.000245757, 8.93455e-05, 3.09828e-05, 1.02558e-05, 3.24327e-06]
[0.0171944, 0.213785, 0.202072, 0.310029, 0.304313, 0.319825, 0.325657, 0.302215, 0.292285, 0.226346, 0.187852, 0.120252, 0.0797859, 0.0436931, 0.0235297, 0.0113488, 0.00523933, 0.00226046, 0.000927975, 0.000361436, 0.000134096, 4.74388e-05, 1.60114e-05, 5.16093e-06]
[0.0177571, 0.242204, 0.220766, 0.333839, 0.322588, 0.336636, 0.346239, 0.336969, 0.337462, 0.278203, 0.246939, 0.167033, 0.119977, 0.0685897, 0.0393495, 0.0196927, 0.00951032, 0.00424772, 0.00180863, 0.000728413, 0.000279468, 0.000102142, 3.56085e-05, 1.18493e-05, 3.76348e-06]
[0.0183688, 0.263007, 0.0687911, 0.039255, 0.0131133, 0.00551893, 0.00142257, 0.000413007, 8.71645e-05, 1.8286e-05, 3.38755e-06]

-----------------------< end summary >-----------------------
