----------------
 discretization 
----------------
solving on [0, 0.003]
no. of spatial points = [320, 320], dx = [0.003125, 0.003125]
no. of time intervals = 8, dt = 4.6875e-05
collocation points = [1.5625e-05 4.6875e-05]
alphas = [1e-08]
betas = [1.0]
rolling intervals = 8

-----------------
 parallelization 
-----------------
proc. for collocation-space problem: 1
proc. for time problem: 8
total: 8

-------
 other 
-------
maxiter of paradiag = 50
output document = None
tol = 1e-05
inner solver = custom
inner solver tol = 1e-07
inner solver maxiter = 500

--------
 output 
--------
convergence = 1
iterations of paradiag = [4, 4, 4, 4, 4, 4, 4, 3]
total iterations of paradiag = 31
max iterations of paradiag = 4
min iterations of paradiag = 3

algorithm time = 18.05297 s
communication time = 0.46065 s

consecutive errors = 
[inf, 0.107513, 0.00512559, 0.000608727, 4.27503e-05]
[inf, 0.111063, 0.00665199, 0.000563741, 3.28164e-05]
[inf, 0.11185, 0.00655574, 0.000569837, 3.33604e-05]
[inf, 0.111901, 0.00633502, 0.000574741, 3.43116e-05]
[inf, 0.112743, 0.00632994, 0.000582706, 3.49834e-05]
[inf, 0.11288, 0.00611088, 0.000589013, 3.5996e-05]
[inf, 0.113741, 0.00615335, 0.000597191, 3.67342e-05]
[inf, 0.113949, 0.00558763, 0.000162108]
residuals = 
[0.0153849, 0.00494305, 0.000530116, 5.0879e-05, 3.2373e-06]
[0.013434, 0.00777841, 0.000434549, 3.99234e-05, 2.37243e-06]
[0.0135196, 0.00733183, 0.000428403, 4.08206e-05, 2.44153e-06]
[0.0135896, 0.00747219, 0.000439611, 4.18235e-05, 2.52397e-06]
[0.0136779, 0.00700191, 0.000435778, 4.28129e-05, 2.60315e-06]
[0.0137524, 0.0072421, 0.000447563, 4.39156e-05, 2.69254e-06]
[0.0138444, 0.00694296, 0.000445505, 4.49534e-05, 2.77828e-06]
[0.0139235, 0.0071213, 0.000170798, 4.31421e-06]

-----------------------< end summary >-----------------------
diff = 2.8619416472169958e-05
