----------------
 discretization 
----------------
solving on [0, 0.003]
no. of spatial points = [120, 120], dx = [0.008333333333333333, 0.008333333333333333]
no. of time intervals = 32, dt = 4.6875e-05
diff = 1.1979979508414118e-11
collocation points = [1.5625e-05 4.6875e-05]
alphas = [1e-08]
betas = [1.0]
rolling intervals = 2

-----------------
 parallelization 
-----------------
proc. for collocation-space problem: 1
proc. for time problem: 32
total: 32

-------
 other 
-------
maxiter of paradiag = 50
output document = None
tol = 1e-12
inner solver = custom
inner solver tol = 1e-14
inner solver maxiter = 500

--------
 output 
--------
convergence = 1
iterations of paradiag = [27, 16]
total iterations of paradiag = 43
max iterations of paradiag = 27
min iterations of paradiag = 16

algorithm time = 7.09268 s
communication time = 0.20765 s

consecutive errors = 
[inf, 0.441366, 0.242528, 0.271967, 0.193689, 0.161664, 0.0967039, 0.0618655, 0.0312126, 0.0156769, 0.00680835, 0.00283942, 0.00107902, 0.000389048, 0.000130584, 4.16797e-05, 1.25188e-05, 3.58776e-06, 9.73985e-07, 2.52979e-07, 6.25124e-08, 1.4806e-08, 3.34547e-09, 7.25283e-10, 1.50269e-10, 2.99003e-11, 5.7013e-12, 1.05063e-12]
[inf, 0.444179, 0.106708, 0.0558006, 0.00995473, 0.00305551, 0.000482724, 9.60025e-05, 1.29377e-05, 1.79618e-06, 2.14843e-07, 1.96368e-08, 2.25759e-09, 4.14475e-10, 7.43628e-11, 1.26848e-11, 1.75473e-12]
residuals = 
[0.0169178, 0.0916562, 0.0791801, 0.0891928, 0.0734858, 0.055222, 0.036719, 0.0212307, 0.0111252, 0.0052754, 0.0022771, 0.000917273, 0.000340233, 0.000119291, 3.89806e-05, 1.21116e-05, 3.53943e-06, 9.871e-07, 2.60558e-07, 6.57974e-08, 1.57915e-08, 3.63104e-09, 7.95489e-10, 1.67076e-10, 3.34869e-11, 6.44157e-12, 1.18716e-12, 2.12053e-13]
[0.0137065, 0.0940067, 0.0207105, 0.00915122, 0.00189332, 0.000505616, 8.12797e-05, 1.45917e-05, 1.94203e-06, 2.43137e-07, 2.83655e-08, 2.10405e-09, 3.53656e-10, 7.40247e-11, 1.21187e-11, 1.89115e-12, 2.54158e-13]

-----------------------< end summary >-----------------------
