----------------
 discretization 
----------------
solving on [0, 0.003]
no. of spatial points = [320, 320], dx = [0.003125, 0.003125]
no. of time intervals = 8, dt = 4.6875e-05
collocation points = [1.5625e-05 4.6875e-05]
alphas = [1e-08]
betas = [0.0]
rolling intervals = 8

-----------------
 parallelization 
-----------------
proc. for collocation-space problem: 1
proc. for time problem: 8
total: 8

-------
 other 
-------
maxiter of paradiag = 50
output document = None
tol = 1e-05
inner solver = custom
inner solver tol = 1e-07
inner solver maxiter = 500

--------
 output 
--------
convergence = 1
iterations of paradiag = [20, 20, 20, 20, 20, 20, 20, 20]
total iterations of paradiag = 160
max iterations of paradiag = 20
min iterations of paradiag = 20

algorithm time = 97.51380 s
communication time = 2.49631 s

consecutive errors = 
[inf, 0.0577875, 0.0433207, 0.0714953, 0.0986262, 0.120529, 0.125603, 0.114824, 0.0941448, 0.0665604, 0.0428398, 0.0233862, 0.0110885, 0.0040553, 0.000840777, 0.000663005, 0.000597689, 0.000392619, 0.000198319, 7.54688e-05, 1.74047e-05]
[inf, 0.057745, 0.0427776, 0.0675169, 0.0931878, 0.108541, 0.11153, 0.100618, 0.079119, 0.0565111, 0.0346939, 0.0190877, 0.00869541, 0.0031074, 0.000575873, 0.000568244, 0.000488278, 0.000308598, 0.000150216, 5.56529e-05, 1.18761e-05]
[inf, 0.0580928, 0.0430221, 0.0678145, 0.0935856, 0.109031, 0.112037, 0.101024, 0.0794007, 0.0567431, 0.0348293, 0.0191497, 0.00872042, 0.00311646, 0.000576462, 0.000571759, 0.000491602, 0.000310755, 0.000151447, 5.58086e-05, 1.18856e-05]
[inf, 0.0584148, 0.0432608, 0.0682422, 0.0941851, 0.109676, 0.112676, 0.101636, 0.0798953, 0.0570683, 0.0350272, 0.0192671, 0.00877395, 0.00313441, 0.000579843, 0.000575733, 0.000494751, 0.000312781, 0.000152301, 5.61278e-05, 1.19546e-05]
[inf, 0.0587798, 0.0435403, 0.068631, 0.0947297, 0.110344, 0.113388, 0.102246, 0.0803569, 0.0574315, 0.0352476, 0.0193832, 0.00882631, 0.00315452, 0.000583571, 0.000579361, 0.000497845, 0.000314629, 0.000153298, 5.64817e-05, 1.20305e-05]
[inf, 0.0591208, 0.0437961, 0.0690717, 0.0953487, 0.111021, 0.114061, 0.102889, 0.0808684, 0.0577759, 0.035457, 0.0195059, 0.008882, 0.00317348, 0.000587157, 0.000583478, 0.000501133, 0.000316729, 0.000154209, 5.68182e-05, 1.21031e-05]
[inf, 0.0595031, 0.0440879, 0.0694848, 0.095927, 0.11172, 0.114803, 0.103528, 0.0813571, 0.0581531, 0.0356856, 0.0196279, 0.00893708, 0.0031944, 0.000591026, 0.000587338, 0.000504396, 0.000318692, 0.000155242, 5.71864e-05, 1.21821e-05]
[inf, 0.0598578, 0.0443586, 0.0699439, 0.0965696, 0.112425, 0.115513, 0.104198, 0.0818884, 0.0585174, 0.035907, 0.0197556, 0.00899501, 0.00321452, 0.00059479, 0.000591615, 0.000507813, 0.00032087, 0.000156211, 5.75427e-05, 1.2259e-05]
residuals = 
[0.0153849, 0.0259292, 0.0328154, 0.0513233, 0.0707826, 0.080426, 0.0796744, 0.0699426, 0.0523888, 0.0358225, 0.020619, 0.0104289, 0.00417712, 0.00110881, 0.000485188, 0.000482851, 0.000345566, 0.000186877, 7.68927e-05, 2.09047e-05, 7.6502e-06]
[0.0134358, 0.0259594, 0.0313184, 0.0500815, 0.0644526, 0.072809, 0.0708009, 0.0593409, 0.0450805, 0.029141, 0.0169638, 0.00822269, 0.00323454, 0.000797013, 0.000421539, 0.000400558, 0.000274384, 0.000142925, 5.7154e-05, 1.47117e-05, 6.4733e-06]
[0.0135212, 0.0261742, 0.0314857, 0.0503533, 0.0647707, 0.0731034, 0.0711265, 0.0595558, 0.0452493, 0.0292562, 0.0170287, 0.00825085, 0.00324472, 0.000798128, 0.000424518, 0.000403434, 0.000276287, 0.000144092, 5.73255e-05, 1.47271e-05, 6.52441e-06]
[0.0135913, 0.0262111, 0.0316601, 0.0506369, 0.0651305, 0.0735611, 0.07153, 0.0599235, 0.0455269, 0.0294208, 0.017127, 0.00829835, 0.00326336, 0.000803166, 0.000427232, 0.000405821, 0.000278092, 0.00014491, 5.76549e-05, 1.48176e-05, 6.57196e-06]
[0.0136797, 0.0263832, 0.0318623, 0.0509603, 0.065544, 0.0739874, 0.071985, 0.0602678, 0.0458019, 0.029606, 0.017236, 0.00835068, 0.00328425, 0.000807923, 0.000430209, 0.000408571, 0.000279739, 0.000145859, 5.80164e-05, 1.4906e-05, 6.61629e-06]
[0.0137542, 0.0265589, 0.032044, 0.051264, 0.0659269, 0.0744627, 0.0724128, 0.0606494, 0.0460902, 0.0297806, 0.0173401, 0.00840064, 0.00330404, 0.000813148, 0.000433071, 0.000411109, 0.000281608, 0.000146731, 5.83639e-05, 1.50001e-05, 6.66584e-06]
[0.0138463, 0.0266965, 0.0322536, 0.0516098, 0.0663544, 0.0749138, 0.0728845, 0.0610137, 0.0463783, 0.0299726, 0.0174532, 0.00845518, 0.00332571, 0.000818187, 0.000436169, 0.000413963, 0.000283358, 0.000147714, 5.87391e-05, 1.50931e-05, 6.71298e-06]
[0.0139254, 0.0268387, 0.0324524, 0.0519318, 0.0667596, 0.0754077, 0.0733367, 0.0614103, 0.046681, 0.030157, 0.0175632, 0.00850772, 0.00334657, 0.000823619, 0.000439195, 0.000416658, 0.000285297, 0.000148635, 5.91061e-05, 1.5191e-05, 6.76456e-06]

-----------------------< end summary >-----------------------
diff = 1.18806252529685e-05
