----------------
 discretization 
----------------
solving on [0, 0.001]
no. of spatial points = [1500, 1500], dx = [0.0026666666666666666, 0.0026666666666666666]
no. of time intervals = 4, dt = 7.8125e-06
collocation points = [7.8125e-06]
alphas = [1e-08]
betas = [0.0]
rolling intervals = 32

-----------------
 parallelization 
-----------------
proc. for collocation-space problem: 1
proc. for time problem: 4
total: 4

-------
 other 
-------
maxiter of paradiag = 15
output document = None
tol = 1e-06
inner solver = custom
inner solver tol = 1e-08
inner solver maxiter = 500

--------
 output 
--------
convergence = 1
iterations of paradiag = [1, 1, 1, 1, 1, 1, 1, 1, 1, 1, 1, 1, 2, 1, 1, 1, 1, 1, 1, 1, 1, 2, 1, 1, 1, 1, 1, 1, 1, 1, 1, 1]
total iterations of paradiag = 34
max iterations of paradiag = 2
min iterations of paradiag = 1

algorithm time = 127.28846 s
communication time = 8.03057 s

consecutive errors = 
[inf, 0.00426049]
[inf, 0.0018874]
[inf, 0.00143424]
[inf, 0.00120569]
[inf, 0.00106116]
[inf, 0.000959098]
[inf, 0.00088206]
[inf, 0.000821219]
[inf, 0.000771611]
[inf, 0.000730138]
[inf, 0.000694789]
[inf, 0.000664211]
[inf, 0.000637136, 2.54373e-07]
[inf, 0.000613642]
[inf, 0.000592407]
[inf, 0.000573274]
[inf, 0.000555911]
[inf, 0.000540074]
[inf, 0.000525538]
[inf, 0.000512147]
[inf, 0.00049967]
[inf, 0.000487812, 4.79045e-07]
[inf, 0.00047749]
[inf, 0.000467446]
[inf, 0.000458023]
[inf, 0.000449165]
[inf, 0.000440814]
[inf, 0.000432924]
[inf, 0.000425451]
[inf, 0.000418365]
[inf, 0.000411634]
[inf, 0.000405223]
residuals = 
[0.00521755, 4.58257e-08]
[0.000621801, 1.87824e-08]
[0.000413654, 3.2315e-08]
[0.000332192, 2.11923e-08]
[0.00028559, 7.96371e-09]
[0.000254454, 1.40489e-08]
[0.000231767, 1.47848e-08]
[0.000214272, 1.67238e-08]
[0.000200294, 2.72613e-09]
[0.000188735, 2.28567e-08]
[0.000178988, 5.21578e-09]
[0.000170665, 4.25145e-08]
[0.000163367, 2.323e-06, 7.7547e-12]
[0.000157013, 3.77225e-09]
[0.000151331, 5.0047e-09]
[0.000146231, 1.19682e-08]
[0.000141616, 3.58954e-09]
[0.000137441, 4.01696e-09]
[0.000133605, 9.33096e-09]
[0.000130096, 3.47538e-09]
[0.000126835, 6.82492e-07]
[0.00012443, 2.68008e-06, 5.76968e-12]
[0.00012102, 2.5947e-09]
[0.000118403, 3.95012e-09]
[0.000115952, 1.75288e-09]
[0.000113656, 1.88662e-09]
[0.000111488, 3.16738e-09]
[0.000109446, 1.16076e-08]
[0.000107505, 1.81861e-09]
[0.000105683, 5.26472e-09]
[0.000103952, 2.89675e-09]
[0.000102296, 4.87699e-09]

-----------------------< end summary >-----------------------
diff = 3.5139138543953473e-07
