----------------
 discretization 
----------------
solving on [0, 0.0075]
no. of spatial points = [320, 320], dx = [0.003125, 0.003125]
no. of time intervals = 128, dt = 5.859375e-05
collocation points = [1.95313e-05 5.85937e-05]
alphas = [1e-08]
betas = [0.0]
rolling intervals = 1

-----------------
 parallelization 
-----------------
proc. for collocation-space problem: 1
proc. for time problem: 128
total: 128

-------
 other 
-------
maxiter of paradiag = 50
output document = None
tol = 1e-05
inner solver = custom
inner solver tol = 1e-07
inner solver maxiter = 500

--------
 output 
--------
convergence = 0
iterations of paradiag = [3]
total iterations of paradiag = 3
max iterations of paradiag = 3
min iterations of paradiag = 3

algorithm time = 5.99483 s
communication time = 0.19191 s

consecutive errors = 
[inf, 0.35244, 12.3861, 13782.4]
residuals = 
[0.0192311, 0.435455, 785.947, 1426400000000.0]

-----------------------< end summary >-----------------------
