----------------
 discretization 
----------------
solving on [0, 0.001]
no. of spatial points = [1500, 1500], dx = [0.0026666666666666666, 0.0026666666666666666]
no. of time intervals = 2, dt = 7.8125e-06
collocation points = [7.8125e-06]
alphas = [1e-08]
betas = [1.0]
rolling intervals = 64

-----------------
 parallelization 
-----------------
proc. for collocation-space problem: 1
proc. for time problem: 2
total: 2

-------
 other 
-------
maxiter of paradiag = 15
output document = None
tol = 1e-06
inner solver = custom
inner solver tol = 1e-08
inner solver maxiter = 500

--------
 output 
--------
convergence = 1
iterations of paradiag = [1, 1, 1, 1, 1, 1, 1, 1, 1, 1, 1, 1, 1, 1, 1, 1, 1, 1, 1, 1, 1, 1, 1, 1, 1, 1, 1, 1, 1, 1, 1, 1, 1, 1, 1, 1, 1, 1, 1, 1, 1, 1, 1, 1, 1, 1, 1, 1, 1, 1, 1, 1, 1, 1, 1, 1, 1, 1, 1, 1, 1, 1, 1, 1]
total iterations of paradiag = 64
max iterations of paradiag = 1
min iterations of paradiag = 1

algorithm time = 184.68580 s
communication time = 8.60991 s

consecutive errors = 
[inf, 0.00288326]
[inf, 0.00137723]
[inf, 0.0010281]
[inf, 0.0008593]
[inf, 0.000754034]
[inf, 0.0006802]
[inf, 0.000624695]
[inf, 0.000580993]
[inf, 0.000545422]
[inf, 0.000515736]
[inf, 0.000490471]
[inf, 0.000468627]
[inf, 0.000449497]
[inf, 0.00043256]
[inf, 0.000417426]
[inf, 0.000403798]
[inf, 0.000391441]
[inf, 0.000380168]
[inf, 0.00036983]
[inf, 0.000360305]
[inf, 0.00035149]
[inf, 0.000343303]
[inf, 0.000335671]
[inf, 0.000328535]
[inf, 0.000321844]
[inf, 0.000315552]
[inf, 0.000309622]
[inf, 0.00030402]
[inf, 0.000298718]
[inf, 0.000293688]
[inf, 0.00028891]
[inf, 0.000284362]
[inf, 0.000280026]
[inf, 0.000275887]
[inf, 0.00027193]
[inf, 0.000268142]
[inf, 0.000264512]
[inf, 0.000261028]
[inf, 0.000257682]
[inf, 0.000254464]
[inf, 0.000251366]
[inf, 0.000248381]
[inf, 0.000245503]
[inf, 0.000242725]
[inf, 0.000240041]
[inf, 0.000237447]
[inf, 0.000234937]
[inf, 0.000232507]
[inf, 0.000230152]
[inf, 0.00022787]
[inf, 0.000225656]
[inf, 0.000223507]
[inf, 0.00022142]
[inf, 0.000219392]
[inf, 0.00021742]
[inf, 0.000215502]
[inf, 0.000213635]
[inf, 0.000211817]
[inf, 0.000210046]
[inf, 0.00020832]
[inf, 0.000206637]
[inf, 0.000204995]
[inf, 0.000203393]
[inf, 0.000201829]
residuals = 
[0.00521755, 3.53739e-10]
[0.00103473, 9.33866e-11]
[0.000621809, 1.175e-10]
[0.000486524, 1.7252e-10]
[0.000413669, 4.85178e-10]
[0.000366253, 4.49662e-11]
[0.000332219, 1.9297e-10]
[0.000306256, 3.63902e-11]
[0.000285607, 1.93094e-10]
[0.000268674, 3.85208e-11]
[0.000254461, 1.43427e-10]
[0.000242311, 6.10821e-11]
[0.000231767, 7.00716e-11]
[0.000222505, 2.77368e-11]
[0.000214283, 9.02076e-11]
[0.000206922, 4.93018e-11]
[0.00020028, 1.12159e-10]
[0.000194247, 2.68284e-11]
[0.000188737, 7.96848e-11]
[0.000183676, 1.70685e-11]
[0.000179008, 3.12845e-11]
[0.000174684, 8.12681e-12]
[0.000170664, 7.91427e-12]
[0.000166914, 1.44735e-11]
[0.000163404, 6.12261e-12]
[0.000160111, 2.58232e-11]
[0.000157013, 5.23968e-11]
[0.000154091, 2.57867e-11]
[0.000151329, 1.73041e-11]
[0.000148714, 1.17918e-11]
[0.000146232, 1.10311e-11]
[0.000143872, 2.96752e-11]
[0.000141626, 1.56414e-11]
[0.000139484, 2.04032e-11]
[0.000137438, 1.05145e-11]
[0.000135481, 2.42375e-11]
[0.000133608, 1.88688e-11]
[0.000131812, 2.5388e-11]
[0.000130087, 1.00861e-11]
[0.000128431, 2.2023e-11]
[0.000126837, 1.35831e-11]
[0.000125303, 1.4164e-11]
[0.000123824, 1.06467e-11]
[0.000122398, 3.05544e-11]
[0.000121021, 1.11933e-11]
[0.000119691, 1.54025e-11]
[0.000118404, 1.69284e-11]
[0.00011716, 1.13827e-11]
[0.000115954, 4.9433e-11]
[0.000114787, 2.96956e-11]
[0.000113654, 3.42388e-11]
[0.000112556, 2.40169e-11]
[0.000111489, 2.74229e-11]
[0.000110453, 2.18836e-11]
[0.000109446, 2.15226e-11]
[0.000108467, 2.08178e-11]
[0.000107514, 1.72879e-11]
[0.000106587, 1.92158e-11]
[0.000105684, 6.56579e-12]
[0.000104804, 2.59041e-11]
[0.000103947, 4.47891e-12]
[0.000103111, 2.66278e-11]
[0.000102295, 2.40512e-11]
[0.000101499, 1.26757e-11]

-----------------------< end summary >-----------------------
diff = 3.5895379790762405e-07
