----------------
 discretization 
----------------
solving on [0, 0.003]
no. of spatial points = [180, 180], dx = [0.005555555555555556, 0.005555555555555556]
no. of time intervals = 8, dt = 4.6875e-05
collocation points = [1.5625e-05 4.6875e-05]
alphas = [1e-08]
betas = [1.0]
rolling intervals = 8

-----------------
 parallelization 
-----------------
proc. for collocation-space problem: 1
proc. for time problem: 8
total: 8

-------
 other 
-------
maxiter of paradiag = 50
output document = None
tol = 1e-09
inner solver = custom
inner solver tol = 1e-11
inner solver maxiter = 500

--------
 output 
--------
convergence = 1
iterations of paradiag = [7, 7, 7, 7, 7, 7, 7, 5]
total iterations of paradiag = 54
max iterations of paradiag = 7
min iterations of paradiag = 5

algorithm time = 13.21616 s
communication time = 0.20810 s

consecutive errors = 
[inf, 0.106901, 0.00377874, 0.000493242, 3.17875e-05, 2.32659e-06, 1.18513e-07, 6.10187e-09]
[inf, 0.107348, 0.00371694, 0.000490605, 3.14068e-05, 2.30946e-06, 1.17463e-07, 6.07074e-09]
[inf, 0.108033, 0.00376187, 0.000500263, 3.21413e-05, 2.37747e-06, 1.2176e-07, 6.30248e-09]
[inf, 0.10871, 0.00380825, 0.000510309, 3.29214e-05, 2.45766e-06, 1.26225e-07, 6.6076e-09]
[inf, 0.109286, 0.00386011, 0.000519091, 3.38522e-05, 2.54021e-06, 1.31433e-07, 6.91486e-09]
[inf, 0.110048, 0.0039171, 0.000529616, 3.48028e-05, 2.61158e-06, 1.36825e-07, 7.24058e-09]
[inf, 0.110782, 0.00396305, 0.000540657, 3.56225e-05, 2.70663e-06, 1.41586e-07, 7.55587e-09]
[inf, 0.111537, 0.00367082, 0.000141157, 2.95225e-06, 5.3353e-08]
residuals = 
[0.0144623, 0.00423688, 0.000356288, 3.892e-05, 2.39708e-06, 1.55453e-07, 7.28955e-09, 3.32498e-10]
[0.013386, 0.00420876, 0.000350468, 3.86986e-05, 2.36709e-06, 1.54272e-07, 7.2152e-09, 3.30517e-10]
[0.0134656, 0.00425977, 0.000357188, 3.94669e-05, 2.44354e-06, 1.59655e-07, 7.54192e-09, 3.45906e-10]
[0.013556, 0.00431313, 0.000364187, 4.0595e-05, 2.51894e-06, 1.65872e-07, 7.86348e-09, 3.62836e-10]
[0.0136306, 0.00437248, 0.000371607, 4.1644e-05, 2.60395e-06, 1.72572e-07, 8.23144e-09, 3.83046e-10]
[0.0137135, 0.00442203, 0.000378972, 4.27564e-05, 2.69095e-06, 1.79589e-07, 8.61485e-09, 4.04004e-10]
[0.0138049, 0.00447783, 0.000385434, 4.38131e-05, 2.76817e-06, 1.86255e-07, 8.97669e-09, 4.22927e-10]
[0.0139038, 0.00454373, 0.000144277, 4.1335e-06, 7.18495e-08, 9.71821e-10]

-----------------------< end summary >-----------------------
diff = 2.645181074180568e-09
