----------------
 discretization 
----------------
solving on [0, 0.003]
no. of spatial points = [180, 180], dx = [0.005555555555555556, 0.005555555555555556]
no. of time intervals = 32, dt = 4.6875e-05
collocation points = [1.5625e-05 4.6875e-05]
alphas = [1e-08]
betas = [1.0]
rolling intervals = 2

-----------------
 parallelization 
-----------------
proc. for collocation-space problem: 1
proc. for time problem: 32
total: 32

-------
 other 
-------
maxiter of paradiag = 50
output document = None
tol = 1e-09
inner solver = custom
inner solver tol = 1e-11
inner solver maxiter = 500

--------
 output 
--------
convergence = 1
iterations of paradiag = [22, 12]
total iterations of paradiag = 34
max iterations of paradiag = 22
min iterations of paradiag = 12

algorithm time = 10.94223 s
communication time = 0.33113 s
diff = 2.404698107305756e-09

consecutive errors = 
[inf, 0.432078, 0.229391, 0.256641, 0.182315, 0.151013, 0.0900578, 0.0570814, 0.0288663, 0.0144108, 0.00626875, 0.00259992, 0.000983812, 0.000352965, 0.000117955, 3.74693e-05, 1.12041e-05, 3.19569e-06, 8.63589e-07, 2.23213e-07, 5.48945e-08, 1.29357e-08, 2.90807e-09]
[inf, 0.440221, 0.106403, 0.0552655, 0.0098811, 0.00297136, 0.00047527, 9.23262e-05, 1.25869e-05, 1.71486e-06, 2.06119e-07, 1.84755e-08, 2.10723e-09]
residuals = 
[0.0144623, 0.0907988, 0.0780079, 0.0867652, 0.0711848, 0.0531176, 0.0351233, 0.0201865, 0.0105239, 0.00496308, 0.00213327, 0.000854993, 0.000315915, 0.000110233, 3.58789e-05, 1.10955e-05, 3.22923e-06, 8.96343e-07, 2.35616e-07, 5.92172e-08, 1.41521e-08, 3.23787e-09, 7.06062e-10]
[0.0136306, 0.0944869, 0.0207923, 0.00913118, 0.00187843, 0.000501993, 7.99708e-05, 1.42917e-05, 1.88738e-06, 2.33754e-07, 2.7175e-08, 2.00314e-09, 3.58707e-10]

-----------------------< end summary >-----------------------
