----------------
 discretization 
----------------
solving on [0, 0.003]
no. of spatial points = [320, 320], dx = [0.003125, 0.003125]
no. of time intervals = 4, dt = 4.6875e-05
collocation points = [1.5625e-05 4.6875e-05]
alphas = [1e-08]
betas = [0.0]
rolling intervals = 16

-----------------
 parallelization 
-----------------
proc. for collocation-space problem: 1
proc. for time problem: 4
total: 4

-------
 other 
-------
maxiter of paradiag = 50
output document = None
tol = 1e-05
inner solver = custom
inner solver tol = 1e-07
inner solver maxiter = 500

--------
 output 
--------
convergence = 1
iterations of paradiag = [12, 12, 12, 12, 12, 12, 12, 12, 12, 12, 12, 12, 12, 12, 12, 12]
total iterations of paradiag = 192
max iterations of paradiag = 12
min iterations of paradiag = 12

algorithm time = 116.66649 s
communication time = 2.24407 s

consecutive errors = 
[inf, 0.035302, 0.0119515, 0.00987627, 0.00699133, 0.00418291, 0.0021044, 0.00085951, 0.000258904, 4.47351e-05, 4.03695e-05, 2.97618e-05, 1.52679e-05]
[inf, 0.0348796, 0.0118387, 0.00912728, 0.0061616, 0.00356503, 0.00173151, 0.000685199, 0.000196786, 3.62089e-05, 3.3441e-05, 2.32181e-05, 1.15669e-05]
[inf, 0.034992, 0.0118773, 0.00905896, 0.00610647, 0.00352987, 0.00171288, 0.000677255, 0.000194183, 3.67139e-05, 3.39239e-05, 2.35284e-05, 1.15752e-05]
[inf, 0.0351022, 0.0119149, 0.00907228, 0.00611609, 0.00353733, 0.00171513, 0.000678566, 0.000194536, 3.68477e-05, 3.40305e-05, 2.36279e-05, 1.16255e-05]
[inf, 0.0352076, 0.0119418, 0.00910036, 0.00613483, 0.00354817, 0.00172033, 0.000680188, 0.000194999, 3.69689e-05, 3.41453e-05, 2.37056e-05, 1.16528e-05]
[inf, 0.0352842, 0.011976, 0.00912951, 0.00615385, 0.00355687, 0.00172566, 0.000682294, 0.000195603, 3.709e-05, 3.42602e-05, 2.37757e-05, 1.16905e-05]
[inf, 0.0353975, 0.012015, 0.00915805, 0.00617281, 0.00356797, 0.00173102, 0.000684394, 0.000196214, 3.71977e-05, 3.43743e-05, 2.38398e-05, 1.17277e-05]
[inf, 0.0355122, 0.0120561, 0.00918054, 0.00618855, 0.00357927, 0.00173551, 0.000686556, 0.000196829, 3.73014e-05, 3.44581e-05, 2.39178e-05, 1.17658e-05]
[inf, 0.0356238, 0.0120872, 0.00920994, 0.00620826, 0.00359059, 0.00174099, 0.000688375, 0.000197346, 3.74254e-05, 3.45781e-05, 2.39966e-05, 1.17953e-05]
[inf, 0.0357063, 0.0121188, 0.00923971, 0.006228, 0.00360006, 0.00174646, 0.00069056, 0.000197972, 3.75498e-05, 3.4695e-05, 2.40708e-05, 1.18341e-05]
[inf, 0.0358234, 0.0121603, 0.00926959, 0.00624797, 0.00361159, 0.00175207, 0.000692766, 0.000198615, 3.76643e-05, 3.48142e-05, 2.41394e-05, 1.18728e-05]
[inf, 0.0359415, 0.0122006, 0.00929406, 0.00626482, 0.00362338, 0.00175695, 0.000694996, 0.000199249, 3.77751e-05, 3.49072e-05, 2.42202e-05, 1.19121e-05]
[inf, 0.0360591, 0.0122378, 0.00932457, 0.00628537, 0.00363508, 0.00176264, 0.000696963, 0.000199811, 3.7903e-05, 3.50308e-05, 2.43016e-05, 1.19444e-05]
[inf, 0.0361484, 0.0122689, 0.00935534, 0.00630569, 0.00364536, 0.00176829, 0.000699229, 0.000200461, 3.80316e-05, 3.51517e-05, 2.43791e-05, 1.19845e-05]
[inf, 0.0362696, 0.012312, 0.00938633, 0.00632657, 0.00365736, 0.00177414, 0.000701524, 0.000201129, 3.81509e-05, 3.5275e-05, 2.4453e-05, 1.20247e-05]
[inf, 0.0363927, 0.0123545, 0.00941264, 0.00634484, 0.00366959, 0.00177939, 0.000703842, 0.000201788, 3.82705e-05, 3.53778e-05, 2.4537e-05, 1.20654e-05]
residuals = 
[0.0153849, 0.0147177, 0.00739749, 0.00582445, 0.00375598, 0.00202154, 0.000878015, 0.000289495, 5.13827e-05, 3.41069e-05, 2.76813e-05, 1.51007e-05, 6.01859e-06]
[0.0133917, 0.0147791, 0.00703755, 0.00525175, 0.00326244, 0.00168444, 0.000709157, 0.0002233, 3.49344e-05, 2.88998e-05, 2.18705e-05, 1.15507e-05, 4.44592e-06]
[0.0134361, 0.0148296, 0.00698222, 0.00520689, 0.00323225, 0.00166548, 0.000701112, 0.000220476, 3.42916e-05, 2.93036e-05, 2.21598e-05, 1.15687e-05, 4.39492e-06]
[0.0134778, 0.014887, 0.00700037, 0.00521931, 0.00323944, 0.00166893, 0.000702273, 0.000220875, 3.43447e-05, 2.94036e-05, 2.22535e-05, 1.16186e-05, 4.41417e-06]
[0.0135215, 0.0149205, 0.00702224, 0.00523535, 0.00324719, 0.00167397, 0.000704171, 0.000221402, 3.44417e-05, 2.95018e-05, 2.2327e-05, 1.16522e-05, 4.42841e-06]
[0.0135481, 0.0149567, 0.00704341, 0.00524878, 0.00325719, 0.00167912, 0.000706319, 0.000222082, 3.45518e-05, 2.96003e-05, 2.23987e-05, 1.16836e-05, 4.44241e-06]
[0.0135916, 0.0150244, 0.0070609, 0.00526384, 0.0032674, 0.00168336, 0.000708509, 0.000222777, 3.46421e-05, 2.96936e-05, 2.24522e-05, 1.17211e-05, 4.45304e-06]
[0.0136354, 0.0150706, 0.00708291, 0.00528127, 0.00327767, 0.00168862, 0.000710622, 0.00022347, 3.4746e-05, 2.97748e-05, 2.2527e-05, 1.17589e-05, 4.46722e-06]
[0.0136799, 0.0150959, 0.00710545, 0.00529755, 0.00328621, 0.00169401, 0.000712631, 0.000224069, 3.48548e-05, 2.98761e-05, 2.26011e-05, 1.17941e-05, 4.48166e-06]
[0.0137097, 0.0151357, 0.00712905, 0.00531288, 0.00329661, 0.00169933, 0.000714873, 0.000224778, 3.49672e-05, 2.9977e-05, 2.26759e-05, 1.18273e-05, 4.49612e-06]
[0.0137545, 0.0151815, 0.00714566, 0.00532887, 0.00330732, 0.00170396, 0.00071716, 0.000225494, 3.50661e-05, 3.00759e-05, 2.27348e-05, 1.18661e-05, 4.50786e-06]
[0.0138005, 0.0152313, 0.0071707, 0.00534577, 0.00331789, 0.0017094, 0.000719379, 0.000226215, 3.51784e-05, 3.01634e-05, 2.28123e-05, 1.19053e-05, 4.52248e-06]
[0.0138466, 0.0152873, 0.00719381, 0.0053631, 0.00332742, 0.00171505, 0.00072151, 0.000226866, 3.5288e-05, 3.02686e-05, 2.28884e-05, 1.19423e-05, 4.53748e-06]
[0.0138792, 0.0153248, 0.00721754, 0.00537889, 0.00333794, 0.00172053, 0.000723831, 0.000227593, 3.54051e-05, 3.03727e-05, 2.29663e-05, 1.19779e-05, 4.55244e-06]
[0.0139257, 0.0153548, 0.00723692, 0.00539652, 0.00334916, 0.00172555, 0.000726195, 0.000228339, 3.55072e-05, 3.04755e-05, 2.303e-05, 1.20182e-05, 4.56529e-06]
[0.0139734, 0.0154167, 0.00726176, 0.00541409, 0.00336011, 0.00173122, 0.000728507, 0.000229088, 3.56271e-05, 3.05707e-05, 2.31108e-05, 1.20587e-05, 4.58049e-06]

-----------------------< end summary >-----------------------
diff = 3.0785574533527255e-06
