----------------
 discretization 
----------------
solving on [0, 0.003]
no. of spatial points = [320, 320], dx = [0.003125, 0.003125]
no. of time intervals = 1, dt = 4.6875e-05
collocation points = [1.5625e-05 4.6875e-05]
alphas = [0]
betas = [1.0]
rolling intervals = 64

-----------------
 parallelization 
-----------------
proc. for collocation-space problem: 1
proc. for time problem: 1
total: 1

-------
 other 
-------
maxiter of paradiag = 50
output document = None
tol = 1e-05
inner solver = custom
inner solver tol = 1e-07
inner solver maxiter = 500

--------
 output 
--------
convergence = 1
iterations of paradiag = [2, 2, 2, 2, 2, 2, 2, 2, 2, 2, 2, 2, 2, 2, 2, 2, 2, 2, 2, 2, 2, 2, 2, 2, 2, 2, 2, 2, 2, 2, 2, 2, 2, 2, 2, 2, 2, 2, 2, 2, 2, 2, 2, 2, 2, 2, 2, 2, 2, 2, 2, 2, 2, 2, 2, 2, 2, 2, 2, 2, 2, 2, 2, 2]
total iterations of paradiag = 128
max iterations of paradiag = 2
min iterations of paradiag = 2

algorithm time = 57.45396 s
communication time = 0.00000 s

consecutive errors = 
[inf, 0.0137892, 2.39838e-05]
[inf, 0.0133876, 1.95146e-05]
[inf, 0.0133861, 1.85656e-05]
[inf, 0.0133835, 1.82304e-05]
[inf, 0.0133969, 1.81051e-05]
[inf, 0.0134074, 1.8064e-05]
[inf, 0.0134191, 1.80592e-05]
[inf, 0.0134293, 1.8071e-05]
[inf, 0.0134404, 1.80804e-05]
[inf, 0.0134512, 1.81112e-05]
[inf, 0.0134611, 1.81226e-05]
[inf, 0.0134728, 1.81285e-05]
[inf, 0.0134833, 1.81549e-05]
[inf, 0.0134937, 1.81846e-05]
[inf, 0.0135046, 1.82126e-05]
[inf, 0.0135155, 1.82419e-05]
[inf, 0.0135263, 1.82706e-05]
[inf, 0.0135345, 1.8299e-05]
[inf, 0.0135377, 1.833e-05]
[inf, 0.0135407, 1.83539e-05]
[inf, 0.013553, 1.83884e-05]
[inf, 0.0135616, 1.84184e-05]
[inf, 0.0135749, 1.84471e-05]
[inf, 0.0135835, 1.84771e-05]
[inf, 0.0135967, 1.85078e-05]
[inf, 0.0136064, 1.85377e-05]
[inf, 0.0136185, 1.85576e-05]
[inf, 0.0136295, 1.85557e-05]
[inf, 0.0136397, 1.85838e-05]
[inf, 0.0136514, 1.86124e-05]
[inf, 0.0136627, 1.86424e-05]
[inf, 0.0136737, 1.86731e-05]
[inf, 0.0136851, 1.87028e-05]
[inf, 0.0136952, 1.87348e-05]
[inf, 0.0137005, 1.87658e-05]
[inf, 0.0137013, 1.87942e-05]
[inf, 0.013715, 1.88292e-05]
[inf, 0.0137235, 1.88584e-05]
[inf, 0.0137375, 1.88874e-05]
[inf, 0.013747, 1.89206e-05]
[inf, 0.0137602, 1.89525e-05]
[inf, 0.0137696, 1.89848e-05]
[inf, 0.0137829, 1.90108e-05]
[inf, 0.0137938, 1.90149e-05]
[inf, 0.013805, 1.90387e-05]
[inf, 0.0138172, 1.90674e-05]
[inf, 0.0138287, 1.90997e-05]
[inf, 0.0138402, 1.91331e-05]
[inf, 0.0138517, 1.9163e-05]
[inf, 0.0138628, 1.91977e-05]
[inf, 0.0138693, 1.92294e-05]
[inf, 0.0138706, 1.92605e-05]
[inf, 0.0138847, 1.92963e-05]
[inf, 0.0138934, 1.93264e-05]
[inf, 0.013908, 1.93583e-05]
[inf, 0.0139178, 1.93929e-05]
[inf, 0.0139315, 1.94255e-05]
[inf, 0.0139412, 1.946e-05]
[inf, 0.0139551, 1.94881e-05]
[inf, 0.0139665, 1.94939e-05]
[inf, 0.013978, 1.95222e-05]
[inf, 0.0139907, 1.95523e-05]
[inf, 0.0140027, 1.95872e-05]
[inf, 0.0140146, 1.96707e-05]
residuals = 
[0.0153849, 3.25105e-05, 9.52741e-08]
[0.0133946, 2.57145e-05, 6.9823e-08]
[0.0133848, 2.46021e-05, 6.47556e-08]
[0.0133818, 2.42157e-05, 6.29984e-08]
[0.0133916, 2.4036e-05, 6.23779e-08]
[0.0134004, 2.39801e-05, 6.21758e-08]
[0.0134143, 2.39939e-05, 6.21452e-08]
[0.013423, 2.40457e-05, 6.2204e-08]
[0.0134359, 2.40894e-05, 6.23133e-08]
[0.0134454, 2.41286e-05, 6.24451e-08]
[0.0134569, 2.41737e-05, 6.25803e-08]
[0.0134677, 2.42132e-05, 6.26556e-08]
[0.0134776, 2.42517e-05, 6.26977e-08]
[0.0134887, 2.42891e-05, 6.28837e-08]
[0.0134997, 2.43264e-05, 6.30016e-08]
[0.0135103, 2.43349e-05, 6.31863e-08]
[0.0135213, 2.434e-05, 6.33085e-08]
[0.0135309, 2.43887e-05, 6.34817e-08]
[0.0135359, 2.44152e-05, 6.36382e-08]
[0.0135358, 2.44642e-05, 6.37857e-08]
[0.013548, 2.44977e-05, 6.39387e-08]
[0.013557, 2.45417e-05, 6.40954e-08]
[0.0135695, 2.45767e-05, 6.42486e-08]
[0.0135795, 2.46219e-05, 6.43377e-08]
[0.0135914, 2.46506e-05, 6.44635e-08]
[0.0136013, 2.4701e-05, 6.46142e-08]
[0.0136135, 2.47402e-05, 6.47704e-08]
[0.0136235, 2.4778e-05, 6.49009e-08]
[0.0136352, 2.48182e-05, 6.49546e-08]
[0.0136466, 2.48602e-05, 6.51115e-08]
[0.0136576, 2.49004e-05, 6.52732e-08]
[0.0136687, 2.49242e-05, 6.5437e-08]
[0.0136798, 2.4912e-05, 6.55789e-08]
[0.0136908, 2.49702e-05, 6.57642e-08]
[0.0136979, 2.50031e-05, 6.59146e-08]
[0.0136998, 2.50475e-05, 6.60638e-08]
[0.0137095, 2.509e-05, 6.62351e-08]
[0.0137197, 2.51282e-05, 6.64025e-08]
[0.0137316, 2.51725e-05, 6.65697e-08]
[0.0137429, 2.52137e-05, 6.67e-08]
[0.0137543, 2.52513e-05, 6.68085e-08]
[0.0137655, 2.52994e-05, 6.69717e-08]
[0.0137774, 2.53377e-05, 6.71307e-08]
[0.0137875, 2.53758e-05, 6.72889e-08]
[0.0138003, 2.5421e-05, 6.73568e-08]
[0.0138118, 2.54642e-05, 6.75098e-08]
[0.0138231, 2.55075e-05, 6.7694e-08]
[0.0138347, 2.55396e-05, 6.78573e-08]
[0.0138464, 2.55325e-05, 6.80212e-08]
[0.0138579, 2.55885e-05, 6.82098e-08]
[0.0138663, 2.56228e-05, 6.83642e-08]
[0.0138692, 2.56695e-05, 6.85331e-08]
[0.013879, 2.5714e-05, 6.87155e-08]
[0.0138895, 2.57544e-05, 6.88862e-08]
[0.0139019, 2.58006e-05, 6.90673e-08]
[0.0139136, 2.58439e-05, 6.92138e-08]
[0.0139255, 2.58835e-05, 6.9327e-08]
[0.013937, 2.5934e-05, 6.95012e-08]
[0.0139495, 2.59742e-05, 6.96713e-08]
[0.0139598, 2.60142e-05, 6.98414e-08]
[0.0139732, 2.60616e-05, 6.99226e-08]
[0.0139851, 2.61071e-05, 7.01013e-08]
[0.0139968, 2.61526e-05, 7.02824e-08]
[0.0140089, 2.61863e-05, 5.78922e-09]

-----------------------< end summary >-----------------------
diff = 1.253333921273503e-05
