----------------
 discretization 
----------------
solving on [0, 0.001]
no. of spatial points = [1500, 1500], dx = [0.0026666666666666666, 0.0026666666666666666]
no. of time intervals = 1, dt = 7.8125e-06
collocation points = [7.8125e-06]
alphas = [0]
betas = [0.0]
rolling intervals = 128

-----------------
 parallelization 
-----------------
proc. for collocation-space problem: 1
proc. for time problem: 1
total: 1

-------
 other 
-------
maxiter of paradiag = 15
output document = None
tol = 1e-06
inner solver = custom
inner solver tol = 1e-08
inner solver maxiter = 500

--------
 output 
--------
convergence = 1
iterations of paradiag = [1, 1, 1, 1, 1, 1, 1, 1, 1, 1, 1, 1, 1, 1, 1, 1, 1, 1, 1, 1, 1, 1, 1, 1, 1, 1, 1, 1, 1, 1, 1, 1, 1, 1, 1, 1, 1, 1, 1, 1, 1, 1, 1, 1, 1, 1, 1, 1, 1, 1, 1, 1, 1, 1, 1, 1, 1, 1, 1, 1, 1, 1, 1, 1, 1, 1, 1, 1, 1, 1, 1, 1, 1, 1, 1, 1, 1, 1, 1, 1, 1, 1, 1, 1, 1, 1, 1, 1, 1, 1, 1, 1, 1, 1, 1, 1, 1, 1, 1, 1, 1, 1, 1, 1, 1, 1, 1, 1, 1, 1, 1, 1, 1, 1, 1, 1, 1, 1, 1, 1, 1, 1, 1, 1, 1, 1, 1, 1]
total iterations of paradiag = 128
max iterations of paradiag = 1
min iterations of paradiag = 1

algorithm time = 196.43667 s
communication time = 0.00000 s

consecutive errors = 
[inf]
[inf]
[inf]
[inf]
[inf]
[inf]
[inf]
[inf]
[inf]
[inf]
[inf]
[inf]
[inf]
[inf]
[inf]
[inf]
[inf]
[inf]
[inf]
[inf]
[inf]
[inf]
[inf]
[inf]
[inf]
[inf]
[inf]
[inf]
[inf]
[inf]
[inf]
[inf]
[inf]
[inf]
[inf]
[inf]
[inf]
[inf]
[inf]
[inf]
[inf]
[inf]
[inf]
[inf]
[inf]
[inf]
[inf]
[inf]
[inf]
[inf]
[inf]
[inf]
[inf]
[inf]
[inf]
[inf]
[inf]
[inf]
[inf]
[inf]
[inf]
[inf]
[inf]
[inf]
[inf]
[inf]
[inf]
[inf]
[inf]
[inf]
[inf]
[inf]
[inf]
[inf]
[inf]
[inf]
[inf]
[inf]
[inf]
[inf]
[inf]
[inf]
[inf]
[inf]
[inf]
[inf]
[inf]
[inf]
[inf]
[inf]
[inf]
[inf]
[inf]
[inf]
[inf]
[inf]
[inf]
[inf]
[inf]
[inf]
[inf]
[inf]
[inf]
[inf]
[inf]
[inf]
[inf]
[inf]
[inf]
[inf]
[inf]
[inf]
[inf]
[inf]
[inf]
[inf]
[inf]
[inf]
[inf]
[inf]
[inf]
[inf]
[inf]
[inf]
[inf]
[inf]
[inf]
[inf]
residuals = 
[0.00521755, 1.56793e-07]
[0.00184854, 4.49843e-07]
[0.00103436, 2.53435e-07]
[0.000755349, 4.66843e-07]
[0.000622197, 2.72354e-07]
[0.000541465, 2.65068e-07]
[0.000486332, 3.72997e-07]
[0.000445283, 3.40658e-07]
[0.000413335, 9.11172e-07]
[0.000388532, 7.1403e-07]
[0.000365742, 5.87776e-07]
[0.000348435, 2.07542e-07]
[0.000332375, 3.6616e-07]
[0.000318781, 2.15013e-07]
[0.000306216, 5.20736e-07]
[0.000294917, 1.32538e-07]
[0.000285473, 1.94656e-07]
[0.000276901, 1.54029e-07]
[0.000268547, 1.24277e-07]
[0.000261369, 1.18225e-07]
[0.00025437, 1.40811e-07]
[0.000248274, 1.94159e-07]
[0.000242414, 6.55671e-07]
[0.000236301, 1.74976e-07]
[0.000231732, 2.25547e-07]
[0.000226777, 1.46308e-07]
[0.00022247, 1.43464e-07]
[0.000218141, 9.80164e-08]
[0.000214254, 1.45861e-07]
[0.000210367, 8.65104e-08]
[0.000206964, 9.4426e-08]
[0.000203538, 1.49732e-07]
[0.000200407, 1.63732e-07]
[0.000197117, 3.8982e-08]
[0.000194276, 1.60778e-07]
[0.000191329, 5.26769e-07]
[0.00018919, 2.66693e-07]
[0.000185974, 3.35609e-08]
[0.000183657, 1.38126e-07]
[0.000181412, 1.52456e-07]
[0.000179, 9.85736e-08]
[0.000176801, 2.36662e-07]
[0.000174892, 7.50819e-08]
[0.000172734, 4.24683e-07]
[0.000171047, 5.37184e-07]
[0.000168529, 5.94796e-08]
[0.000166879, 3.5174e-07]
[0.000165425, 1.02198e-07]
[0.000163372, 2.63496e-07]
[0.000161954, 3.54361e-07]
[0.000159902, 4.86148e-07]
[0.000158927, 4.35595e-08]
[0.00015703, 1.34414e-07]
[0.000155474, 2.74256e-07]
[0.000154182, 3.03648e-07]
[0.000152526, 2.84488e-07]
[0.000151548, 3.60587e-07]
[0.000149894, 3.86899e-08]
[0.000148713, 2.97568e-07]
[0.000147713, 5.96661e-07]
[0.000146223, 1.26783e-07]
[0.000145082, 9.52886e-08]
[0.00014385, 1.63303e-07]
[0.000142863, 1.4527e-07]
[0.000141652, 1.81261e-07]
[0.000140698, 1.47797e-07]
[0.000139378, 2.36441e-07]
[0.000138638, 2.67635e-07]
[0.000137298, 9.68778e-08]
[0.000136503, 2.6266e-07]
[0.000135712, 1.69306e-07]
[0.000134424, 9.35933e-08]
[0.000133671, 8.06966e-08]
[0.000132756, 1.70432e-07]
[0.000131719, 1.35615e-07]
[0.000130806, 2.45479e-07]
[0.000129907, 1.48301e-07]
[0.000129247, 2.17325e-07]
[0.00012834, 2.34379e-07]
[0.000127803, 2.24706e-07]
[0.000126709, 3.65828e-07]
[0.000126356, 4.95296e-07]
[0.00012533, 1.08195e-07]
[0.000124595, 1.98194e-07]
[0.000123731, 1.63677e-07]
[0.000123222, 3.52752e-07]
[0.000122336, 2.68059e-07]
[0.000121896, 7.28189e-08]
[0.000120983, 7.92259e-08]
[0.000120385, 2.16553e-07]
[0.00011957, 8.58166e-08]
[0.000119042, 2.19168e-07]
[0.000118353, 1.13149e-07]
[0.000117843, 2.18393e-07]
[0.00011708, 4.55909e-08]
[0.000116553, 1.22244e-07]
[0.000115867, 6.44432e-08]
[0.000115386, 6.69967e-08]
[0.000114807, 2.83657e-08]
[0.000114236, 1.04138e-07]
[0.00011367, 2.00172e-07]
[0.000112975, 1.46449e-07]
[0.000112653, 4.06432e-08]
[0.000112014, 5.96978e-08]
[0.000111462, 6.87731e-08]
[0.000110899, 1.35986e-07]
[0.000110334, 1.94947e-07]
[0.000110015, 2.42282e-07]
[0.000109444, 1.22332e-07]
[0.000109036, 3.26393e-07]
[0.000108491, 9.6207e-08]
[0.00010803, 7.04279e-08]
[0.000107461, 1.13706e-07]
[0.000107134, 1.12165e-07]
[0.000106507, 1.44715e-07]
[0.000106245, 8.40429e-08]
[0.000105665, 2.08699e-08]
[0.000105249, 1.03793e-07]
[0.000104773, 1.94895e-07]
[0.000104384, 9.98513e-08]
[0.000104011, 2.94134e-07]
[0.000103553, 2.05451e-07]
[0.000103266, 8.54125e-08]
[0.00010264, 4.66418e-07]
[0.000102363, 7.23963e-08]
[0.000101868, 5.68915e-08]
[0.000101444, 7.43057e-08]
[0.000101069, 8.94683e-08]

-----------------------< end summary >-----------------------
diff = 2.3017284744852873e-08
