----------------
 discretization 
----------------
solving on [0, 0.003]
no. of spatial points = [320, 320], dx = [0.003125, 0.003125]
no. of time intervals = 64, dt = 4.6875e-05
collocation points = [1.5625e-05 4.6875e-05]
alphas = [1e-08]
betas = [0.0]
rolling intervals = 1

-----------------
 parallelization 
-----------------
proc. for collocation-space problem: 1
proc. for time problem: 64
total: 64

-------
 other 
-------
maxiter of paradiag = 50
output document = None
tol = 1e-05
inner solver = custom
inner solver tol = 1e-07
inner solver maxiter = 500

--------
 output 
--------
convergence = 0
iterations of paradiag = [3]
total iterations of paradiag = 3
max iterations of paradiag = 3
min iterations of paradiag = 3

algorithm time = 3.55551 s
communication time = 0.15280 s

consecutive errors = 
[inf, 0.208673, 2.30035, 95.5384]
residuals = 
[0.0153849, 0.157096, 9.80301, 333912.0]

-----------------------< end summary >-----------------------
diff = 93.65380794221515
