----------------
 discretization 
----------------
solving on [0, 0.003]
no. of spatial points = [180, 180], dx = [0.005555555555555556, 0.005555555555555556]
no. of time intervals = 16, dt = 4.6875e-05
collocation points = [1.5625e-05 4.6875e-05]
alphas = [1e-08]
betas = [0.0]
rolling intervals = 4

-----------------
 parallelization 
-----------------
proc. for collocation-space problem: 1
proc. for time problem: 16
total: 16

-------
 other 
-------
maxiter of paradiag = 50
output document = None
tol = 1e-09
inner solver = custom
inner solver tol = 1e-11
inner solver maxiter = 500

--------
 output 
--------
convergence = 0
iterations of paradiag = [8, 0, 0, 0]
total iterations of paradiag = 8
max iterations of paradiag = 8
min iterations of paradiag = 0

algorithm time = 2.20339 s
communication time = 0.04740 s

consecutive errors = 
[inf, 0.0911615, 0.157735, 0.555781, 1.54814, 4.23967, 6.24883, 23.0689, 866.653]
[inf]
[inf]
[inf]
residuals = 
[0.0144623, 0.0418752, 0.147479, 0.510022, 1.57774, 4.07792, 18.7058, 935.244, 70434800.0]
[285470000.0]
[285470000.0]
[285470000.0]

-----------------------< end summary >-----------------------
diff = 848.6300373300835
