----------------
 discretization 
----------------
solving on [0, 0.0075]
no. of spatial points = [320, 320], dx = [0.003125, 0.003125]
no. of time intervals = 8, dt = 5.859375e-05
collocation points = [1.95313e-05 5.85937e-05]
alphas = [1e-08]
betas = [1.0]
rolling intervals = 16

-----------------
 parallelization 
-----------------
proc. for collocation-space problem: 1
proc. for time problem: 8
total: 8

-------
 other 
-------
maxiter of paradiag = 50
output document = None
tol = 1e-05
inner solver = custom
inner solver tol = 1e-07
inner solver maxiter = 500

--------
 output 
--------
convergence = 1
iterations of paradiag = [5, 5, 5, 5, 5, 5, 5, 5, 5, 5, 5, 5, 5, 5, 5, 4]
total iterations of paradiag = 79
max iterations of paradiag = 5
min iterations of paradiag = 4

algorithm time = 51.28204 s
communication time = 1.13968 s

consecutive errors = 
[inf, 0.134228, 0.00762812, 0.00150511, 0.000153415, 1.65806e-05]
[inf, 0.140814, 0.0116828, 0.00150835, 0.000124962, 1.36462e-05]
[inf, 0.14243, 0.0123086, 0.00155298, 0.000129544, 1.41572e-05]
[inf, 0.142596, 0.0114463, 0.00152882, 0.000130126, 1.46164e-05]
[inf, 0.142868, 0.0111233, 0.001564, 0.00013478, 1.52185e-05]
[inf, 0.144685, 0.011697, 0.0016302, 0.000142801, 1.60404e-05]
[inf, 0.145217, 0.0114163, 0.00167387, 0.00014717, 1.67207e-05]
[inf, 0.145552, 0.0112116, 0.00169809, 0.000152755, 1.74264e-05]
[inf, 0.147043, 0.0111312, 0.00171958, 0.000157504, 1.82329e-05]
[inf, 0.148032, 0.0112078, 0.00178619, 0.000163783, 1.90384e-05]
[inf, 0.148541, 0.0111845, 0.00181136, 0.000169596, 1.98883e-05]
[inf, 0.150181, 0.0110748, 0.00184403, 0.000175345, 2.08576e-05]
[inf, 0.150904, 0.0109132, 0.00190061, 0.000182307, 2.18285e-05]
[inf, 0.151063, 0.0103303, 0.00189838, 0.000186888, 2.27921e-05]
[inf, 0.152756, 0.0102886, 0.00194344, 0.000194202, 2.39612e-05]
[inf, 0.153265, 0.00865444, 0.000492407, 1.54435e-05]
residuals = 
[0.0192311, 0.00887282, 0.00128098, 0.000195584, 1.82815e-05, 1.75431e-06]
[0.016822, 0.0141887, 0.00115969, 0.000164607, 1.41752e-05, 1.4101e-06]
[0.0169355, 0.0142358, 0.00120979, 0.000171102, 1.47428e-05, 1.4748e-06]
[0.0170726, 0.0136441, 0.00112846, 0.000171552, 1.55415e-05, 1.53925e-06]
[0.0171935, 0.0133719, 0.00116824, 0.000177282, 1.61775e-05, 1.61618e-06]
[0.0173334, 0.0138242, 0.0012695, 0.000189022, 1.67397e-05, 1.70706e-06]
[0.0174671, 0.0137371, 0.00129792, 0.000194694, 1.74662e-05, 1.79262e-06]
[0.0176017, 0.0132752, 0.00131879, 0.000201787, 1.82566e-05, 1.8899e-06]
[0.0177555, 0.0134802, 0.0013248, 0.000208375, 1.90756e-05, 1.9895e-06]
[0.0178984, 0.0137341, 0.00138702, 0.00021568, 1.99671e-05, 2.09535e-06]
[0.0180436, 0.0132817, 0.00139745, 0.000223979, 2.08958e-05, 2.21348e-06]
[0.0182132, 0.0136, 0.00141184, 0.000231534, 2.18794e-05, 2.3361e-06]
[0.0183709, 0.0134501, 0.00146417, 0.000239651, 2.29589e-05, 2.47013e-06]
[0.0185308, 0.0126234, 0.00142308, 0.000246204, 2.39628e-05, 2.61528e-06]
[0.0187137, 0.0130382, 0.00145507, 0.000255709, 2.51728e-05, 2.76887e-06]
[0.018887, 0.0122172, 0.000521244, 2.32219e-05, 6.22036e-07]

-----------------------< end summary >-----------------------
