on 15,  abs, rel err inf norm [from paralpha] = 1.4001733326099655e-05, 1.4001733326099655e-05, iter = 1, rolling = 0
on 15,  abs, rel err inf norm [from paralpha] = 9.32678601765038e-08, 9.32678601765038e-08, iter = 2, rolling = 0
on 15,  abs, rel err inf norm [from paralpha] = 8.83782380629677e-10, 8.83782380629677e-10, iter = 3, rolling = 0
-----------------------< summary >-----------------------
solving on T1 = 0, T2 = 0.01
no. of spatial points = [350, 350]
dx = [0.002857142857142857, 0.002857142857142857]
no. of time points on an interval = 2
on 15,  abs, rel err inf norm [from paralpha] = 8.09291633707729e-10, 8.09291633707729e-10, iter = 4, rolling = 0
    [0.00021 0.00063]
no. of time intervals = 16
no. of alphas = 1
    [1e-12]
rolling intervals = 1
dt (of one SDC interval) = 0.000625
processors for spatial parallelization for solving (I - Q x A) are 1
processors for time interval parallelization are 16
maxiter = 10
output document = None
tol = 1e-09
last error = [[inf, 0.06277674569451737, 1.3998649283506765e-05, 9.352286390238867e-08, 5.377671737594073e-10]]
iterations of Paralpha = [4.]
max iterations of Paralpha = 4.0
algorithm time = 0.77401 s
communication time = 0.14825 s
inner solver = gmres
system_time_max = [0.07777650400000002, 0.09921626100000003, 0.15217534899999996, 0.150426905]
system_time_min = [0.070708035, 0.09130198499999986, 0.138065742, 0.13704637399999986]
inner solver tols = [1e-11, 1e-11, 1e-11, 1e-11]
inner solver maxiter = 50
-----------------------< end summary >-----------------------
