on 31,  abs, rel err inf norm [from paralpha] = 0.013772124389615103, 0.013841947731160409, iter = 1, rolling = 0
on 31,  abs, rel err inf norm [from paralpha] = 0.00018647995734422275, 0.00018742539273128753, iter = 2, rolling = 0
on 31,  abs, rel err inf norm [from paralpha] = 3.732610349806093e-06, 3.7515343240555984e-06, iter = 3, rolling = 0
on 31,  abs, rel err inf norm [from paralpha] = 3.8124624628377765e-06, 3.831791279594043e-06, iter = 4, rolling = 0
-----------------------< summary >-----------------------
solving on T1 = 0, T2 = 0.1
no. of spatial points = [450, 450]
dx = [0.0022222222222222222, 0.0022222222222222222]
no. of time points on an interval = 1
    [0.00313]
no. of time intervals = 32
no. of alphas = 1
    [1e-12]
rolling intervals = 1
dt (of one SDC interval) = 0.003125
processors for spatial parallelization for solving (I - Q x A) are 1
processors for time interval parallelization are 32
maxiter = 10
output document = None
tol = 1e-05
last error = [[inf, 0.017045646544293303, 0.013638515575288924, 0.0001830141013216813, 7.072703368323793e-07]]
iterations of Paralpha = [4.]
max iterations of Paralpha = 4.0
algorithm time = 24.82027 s
communication time = 0.20347 s
inner solver = gmres
system_time_max = [0.09013082900000002, 3.280507745, 10.591129485, 10.553000053000002]
system_time_min = [0.06216104899999997, 1.3890012339999998, 5.453289805000001, 5.733486150000001]
inner solver tols = [1e-06, 1e-06, 1e-06, 1e-06]
inner solver maxiter = 50
-----------------------< end summary >-----------------------
