----------------
 discretization 
----------------
solving on [0, 0.001]
no. of spatial points = [1500, 1500], dx = [0.0026666666666666666, 0.0026666666666666666]
no. of time intervals = 16, dt = 7.8125e-06
collocation points = [7.8125e-06]
alphas = [1e-08]
betas = [0.0]
rolling intervals = 8

-----------------
 parallelization 
-----------------
proc. for collocation-space problem: 1
proc. for time problem: 16
total: 16

-------
 other 
-------
maxiter of paradiag = 15
output document = None
tol = 1e-06
inner solver = custom
inner solver tol = 1e-08
inner solver maxiter = 500

--------
 output 
--------
convergence = 1
iterations of paradiag = [2, 2, 2, 2, 2, 2, 2, 2]
total iterations of paradiag = 16
max iterations of paradiag = 2
min iterations of paradiag = 2

algorithm time = 87.44281 s
communication time = 6.00038 s

consecutive errors = 
[inf, 0.00880728, 3.05466e-05]
[inf, 0.00372836, 9.51797e-06]
[inf, 0.00286619, 9.39648e-06]
[inf, 0.00242825, 1.15324e-05]
[inf, 0.0021503, 1.66287e-05]
[inf, 0.00194377, 1.08605e-05]
[inf, 0.00178042, 6.52041e-06]
[inf, 0.00165943, 6.83396e-06]
residuals = 
[0.00521755, 0.000121809, 2.73865e-10]
[0.000285607, 5.4845e-05, 3.68682e-10]
[0.00020028, 4.70204e-05, 5.04905e-10]
[0.000163404, 6.62908e-05, 1.68519e-10]
[0.000141626, 7.85032e-05, 9.05363e-11]
[0.000126837, 3.66287e-05, 1.61764e-10]
[0.000115955, 2.00785e-05, 7.19495e-11]
[0.000107514, 2.17567e-05, 1.5674e-10]

-----------------------< end summary >-----------------------
diff = 3.589439665496741e-07
