----------------
 discretization 
----------------
solving on [0, 0.0075]
no. of spatial points = [320, 320], dx = [0.003125, 0.003125]
no. of time intervals = 128, dt = 5.859375e-05
collocation points = [1.95313e-05 5.85937e-05]
alphas = [1e-08]
betas = [1.0]
rolling intervals = 1

-----------------
 parallelization 
-----------------
proc. for collocation-space problem: 1
proc. for time problem: 128
total: 128

-------
 other 
-------
maxiter of paradiag = 50
output document = None
tol = 1e-05
inner solver = custom
inner solver tol = 1e-07
inner solver maxiter = 500

--------
 output 
--------
convergence = 1
iterations of paradiag = [50]
total iterations of paradiag = 50
max iterations of paradiag = 50
min iterations of paradiag = 50

algorithm time = 52.20926 s
communication time = 3.45854 s

consecutive errors = 
[inf, 2.54488, 2.71651, 0.412774, 0.878224, 0.363109, 0.369433, 0.290123, 0.335089, 0.302626, 0.355396, 0.363621, 0.42056, 0.459353, 0.513358, 0.578416, 0.61586, 0.68806, 0.710162, 0.770255, 0.778486, 0.805552, 0.810261, 0.804628, 0.814166, 0.801014, 0.81525, 0.803368, 0.817122, 0.799601, 0.814306, 0.793988, 0.809005, 0.785439, 0.796917, 0.736741, 0.72974, 0.618798, 0.577431, 0.428375, 0.348241, 0.205529, 0.113155, 0.046778, 0.0699696, 0.100416, 0.130602, 0.143215, 0.149008, 0.146839, 0.13997]
residuals = 
[0.0192311, 10.3794, 0.453186, 0.179945, 0.328921, 0.116725, 0.227203, 0.123573, 0.21852, 0.144727, 0.247891, 0.18079, 0.307521, 0.227204, 0.383163, 0.274601, 0.461526, 0.321458, 0.524145, 0.363883, 0.553256, 0.395014, 0.554197, 0.413434, 0.546108, 0.424563, 0.539213, 0.434642, 0.529589, 0.442027, 0.518543, 0.446587, 0.506938, 0.44832, 0.494339, 0.454953, 0.46503, 0.438702, 0.370675, 0.32429, 0.214814, 0.142847, 0.0546449, 0.042256, 0.0598392, 0.0898282, 0.10385, 0.113821, 0.113941, 0.111733, 0.105265]

-----------------------< end summary >-----------------------
