----------------
 discretization 
----------------
solving on [0, 0.003]
no. of spatial points = [180, 180], dx = [0.005555555555555556, 0.005555555555555556]
no. of time intervals = 4, dt = 4.6875e-05
collocation points = [1.5625e-05 4.6875e-05]
alphas = [1e-08]
betas = [1.0]
rolling intervals = 16

-----------------
 parallelization 
-----------------
proc. for collocation-space problem: 1
proc. for time problem: 4
total: 4

-------
 other 
-------
maxiter of paradiag = 50
output document = None
tol = 1e-09
inner solver = custom
inner solver tol = 1e-11
inner solver maxiter = 500

--------
 output 
--------
convergence = 1
iterations of paradiag = [5, 5, 5, 5, 5, 5, 5, 5, 5, 5, 5, 5, 5, 5, 5, 4]
total iterations of paradiag = 79
max iterations of paradiag = 5
min iterations of paradiag = 4

algorithm time = 18.63571 s
communication time = 0.23189 s

consecutive errors = 
[inf, 0.0533661, 0.000681746, 2.28724e-05, 4.9002e-07, 9.46074e-09]
[inf, 0.0534025, 0.000658118, 2.21381e-05, 4.69139e-07, 9.00099e-09]
[inf, 0.0536125, 0.000662955, 2.23488e-05, 4.75117e-07, 9.15445e-09]
[inf, 0.0537831, 0.000667156, 2.24852e-05, 4.81055e-07, 9.30012e-09]
[inf, 0.0539502, 0.000670522, 2.27145e-05, 4.87287e-07, 9.42748e-09]
[inf, 0.0541248, 0.000673512, 2.29303e-05, 4.91799e-07, 9.53937e-09]
[inf, 0.0542918, 0.000678348, 2.31525e-05, 4.98446e-07, 9.70645e-09]
[inf, 0.0544734, 0.00068335, 2.33855e-05, 5.04697e-07, 9.87265e-09]
[inf, 0.0545805, 0.000687849, 2.36159e-05, 5.11235e-07, 1.00352e-08]
[inf, 0.0547832, 0.000691982, 2.38548e-05, 5.18185e-07, 1.01954e-08]
[inf, 0.0549526, 0.000697093, 2.40198e-05, 5.25046e-07, 1.03715e-08]
[inf, 0.0551272, 0.000700981, 2.42658e-05, 5.32139e-07, 1.05354e-08]
[inf, 0.0553187, 0.000703883, 2.45012e-05, 5.37621e-07, 1.06474e-08]
[inf, 0.0555113, 0.000709807, 2.47485e-05, 5.45018e-07, 1.08547e-08]
[inf, 0.0556981, 0.000715131, 2.50124e-05, 5.52056e-07, 1.10468e-08]
[inf, 0.0558178, 0.000701059, 5.46897e-06, 2.9267e-08]
residuals = 
[0.0144623, 0.000916812, 2.56564e-05, 6.8197e-07, 1.24163e-08, 1.89581e-10]
[0.0133393, 0.00088976, 2.45326e-05, 6.51004e-07, 1.17114e-08, 1.77668e-10]
[0.013386, 0.000894389, 2.47602e-05, 6.60492e-07, 1.1907e-08, 1.81124e-10]
[0.013425, 0.000897566, 2.4984e-05, 6.68913e-07, 1.2098e-08, 1.84431e-10]
[0.0134656, 0.000904638, 2.52228e-05, 6.75163e-07, 1.22903e-08, 1.88055e-10]
[0.0135105, 0.000910396, 2.54122e-05, 6.81464e-07, 1.24487e-08, 1.90846e-10]
[0.013556, 0.000916541, 2.5683e-05, 6.91515e-07, 1.26304e-08, 1.94476e-10]
[0.0135995, 0.000921932, 2.59107e-05, 7.01473e-07, 1.28173e-08, 1.97946e-10]
[0.0136306, 0.000928651, 2.61547e-05, 7.1071e-07, 1.30158e-08, 2.01744e-10]
[0.013675, 0.000933445, 2.64257e-05, 7.19415e-07, 1.32428e-08, 2.05964e-10]
[0.0137135, 0.000938395, 2.66802e-05, 7.29825e-07, 1.34891e-08, 2.10266e-10]
[0.0137558, 0.000945518, 2.6949e-05, 7.38401e-07, 1.37138e-08, 2.14427e-10]
[0.0138049, 0.000952163, 2.71765e-05, 7.43501e-07, 1.3905e-08, 2.17929e-10]
[0.0138571, 0.000958561, 2.7462e-05, 7.56429e-07, 1.41085e-08, 2.22123e-10]
[0.0139038, 0.000964323, 2.77096e-05, 7.67544e-07, 1.43418e-08, 2.26191e-10]
[0.013939, 0.000971565, 8.11032e-06, 3.75771e-08, 1.49008e-10]

-----------------------< end summary >-----------------------
diff = 2.513742800719365e-09
