----------------
 discretization 
----------------
solving on [0, 0.003]
no. of spatial points = [120, 120], dx = [0.008333333333333333, 0.008333333333333333]
no. of time intervals = 16, dt = 4.6875e-05
collocation points = [1.5625e-05 4.6875e-05]
alphas = [1e-08]
betas = [1.0]
rolling intervals = 4

-----------------
 parallelization 
-----------------
proc. for collocation-space problem: 1
proc. for time problem: 16
total: 16

-------
 other 
-------
maxiter of paradiag = 50
output document = None
tol = 1e-12
inner solver = custom
inner solver tol = 1e-14
inner solver maxiter = 500

--------
 output 
--------
convergence = 1
iterations of paradiag = [14, 14, 14, 10]
total iterations of paradiag = 52
max iterations of paradiag = 14
min iterations of paradiag = 10

algorithm time = 7.12043 s
communication time = 0.14905 s

consecutive errors = 
[inf, 0.217989, 0.0243558, 0.0114284, 0.00224913, 0.000592511, 9.87514e-05, 1.85156e-05, 2.60099e-06, 3.80129e-07, 4.60654e-08, 5.57692e-09, 5.81742e-10, 5.95998e-11, 5.37394e-12]
[inf, 0.217629, 0.0238224, 0.0115681, 0.00223695, 0.000606793, 0.000100549, 1.93237e-05, 2.71277e-06, 4.07947e-07, 4.92153e-08, 6.06073e-09, 6.36317e-10, 6.62114e-11, 6.0113e-12]
[inf, 0.220688, 0.024567, 0.0116811, 0.00234929, 0.000630111, 0.000106947, 2.04414e-05, 2.97435e-06, 4.53524e-07, 5.63492e-08, 7.12417e-09, 7.65928e-10, 8.2055e-11, 7.65711e-12]
[inf, 0.223946, 0.0186888, 0.00322376, 0.000200812, 1.62283e-05, 8.00932e-07, 3.9702e-08, 1.52184e-09, 4.40148e-11, 1.01876e-12]
residuals = 
[0.0169178, 0.019149, 0.00507344, 0.00197753, 0.000410555, 9.86484e-05, 1.62017e-05, 2.83999e-06, 3.85031e-07, 5.34714e-08, 6.13725e-09, 7.0369e-10, 6.92343e-11, 6.66922e-12, 5.6169e-13]
[0.0135451, 0.0193563, 0.00496879, 0.00198558, 0.000406995, 0.000100413, 1.64452e-05, 2.94648e-06, 4.00282e-07, 5.66651e-08, 6.53415e-09, 7.6218e-10, 7.54349e-11, 7.37976e-12, 6.25416e-13]
[0.0137065, 0.0198663, 0.00515763, 0.00208555, 0.000436552, 0.000107597, 1.78545e-05, 3.20446e-06, 4.41887e-07, 6.3721e-08, 7.5047e-09, 8.97764e-10, 9.10974e-11, 9.17205e-12, 7.99943e-13]
[0.013947, 0.0204015, 0.00181459, 0.000245899, 1.52603e-05, 1.05541e-06, 4.79515e-08, 1.99658e-09, 6.58129e-11, 1.08732e-12, 8.11295e-14]

-----------------------< end summary >-----------------------
diff = 1.0779432901841801e-11
