----------------
 discretization 
----------------
solving on [0, 0.003]
no. of spatial points = [120, 120], dx = [0.008333333333333333, 0.008333333333333333]
no. of time intervals = 16, dt = 4.6875e-05
collocation points = [1.5625e-05 4.6875e-05]
alphas = [1e-08]
betas = [0.0]
rolling intervals = 4

-----------------
 parallelization 
-----------------
proc. for collocation-space problem: 1
proc. for time problem: 16
total: 16

-------
 other 
-------
maxiter of paradiag = 50
output document = None
tol = 1e-12
inner solver = custom
inner solver tol = 1e-14
inner solver maxiter = 500

--------
 output 
--------
convergence = 0
iterations of paradiag = [8, 0, 0, 0]
total iterations of paradiag = 8
max iterations of paradiag = 8
min iterations of paradiag = 0

algorithm time = 1.04885 s
communication time = 0.02415 s

consecutive errors = 
[inf, 0.0915013, 0.157785, 0.555305, 1.54674, 4.23478, 6.2266, 23.1329, 875.183]
[inf]
[inf]
[inf]
residuals = 
[0.0169178, 0.0418404, 0.147443, 0.509717, 1.57575, 4.05708, 18.7597, 943.582, 72569500.0]
[294114000.0]
[294114000.0]
[294114000.0]

-----------------------< end summary >-----------------------
diff = 857.100010608889
