----------------
 discretization 
----------------
solving on [0, 0.001]
no. of spatial points = [1500, 1500], dx = [0.0026666666666666666, 0.0026666666666666666]
no. of time intervals = 128, dt = 7.8125e-06
collocation points = [7.8125e-06]
alphas = [1e-08]
betas = [0.0]
rolling intervals = 1

-----------------
 parallelization 
-----------------
proc. for collocation-space problem: 1
proc. for time problem: 128
total: 128

-------
 other 
-------
maxiter of paradiag = 15
output document = None
tol = 1e-06
inner solver = custom
inner solver tol = 1e-08
inner solver maxiter = 500

--------
 output 
--------
convergence = 1
iterations of paradiag = [2]
total iterations of paradiag = 2
max iterations of paradiag = 2
min iterations of paradiag = 2

algorithm time = 34.81668 s
communication time = 1.46584 s

consecutive errors = 
[inf, 0.0253864, 0.000146001]
residuals = 
[0.00521755, 0.000486307, 1.53067e-09]

-----------------------< end summary >-----------------------
diff = 3.5881217175237623e-07
