----------------
 discretization 
----------------
solving on [0, 0.003]
no. of spatial points = [320, 320], dx = [0.003125, 0.003125]
no. of time intervals = 4, dt = 4.6875e-05
collocation points = [1.5625e-05 4.6875e-05]
alphas = [1e-08]
betas = [1.0]
rolling intervals = 16

-----------------
 parallelization 
-----------------
proc. for collocation-space problem: 1
proc. for time problem: 4
total: 4

-------
 other 
-------
maxiter of paradiag = 50
output document = None
tol = 1e-05
inner solver = custom
inner solver tol = 1e-07
inner solver maxiter = 500

--------
 output 
--------
convergence = 1
iterations of paradiag = [3, 3, 3, 3, 3, 3, 3, 3, 3, 3, 3, 3, 3, 3, 3, 2]
total iterations of paradiag = 47
max iterations of paradiag = 3
min iterations of paradiag = 2

algorithm time = 26.12004 s
communication time = 0.52145 s

consecutive errors = 
[inf, 0.0538062, 0.000801016, 2.73952e-05]
[inf, 0.0536378, 0.000669274, 2.24779e-05]
[inf, 0.0538059, 0.000668972, 2.24502e-05]
[inf, 0.0539828, 0.000671635, 2.26581e-05]
[inf, 0.0541531, 0.000675977, 2.28741e-05]
[inf, 0.0542595, 0.000680338, 2.30994e-05]
[inf, 0.0544363, 0.00068474, 2.32459e-05]
[inf, 0.0546142, 0.00068819, 2.34748e-05]
[inf, 0.0547926, 0.000692555, 2.37082e-05]
[inf, 0.0549117, 0.000697173, 2.39447e-05]
[inf, 0.0550942, 0.000701815, 2.41096e-05]
[inf, 0.0552759, 0.000705635, 2.43527e-05]
[inf, 0.0554621, 0.000710096, 2.46022e-05]
[inf, 0.0555928, 0.000714962, 2.48535e-05]
[inf, 0.0557821, 0.000719838, 2.50383e-05]
[inf, 0.055971, 0.000704942]
residuals = 
[0.0153849, 0.00100276, 3.17888e-05, 8.74756e-07]
[0.0133919, 0.000897118, 2.5063e-05, 6.66495e-07]
[0.013436, 0.000899908, 2.50997e-05, 6.68955e-07]
[0.0134778, 0.000905188, 2.53211e-05, 6.7468e-07]
[0.0135214, 0.000911041, 2.54898e-05, 6.82501e-07]
[0.0135481, 0.000915294, 2.57343e-05, 6.91115e-07]
[0.0135916, 0.000921175, 2.59791e-05, 7.00134e-07]
[0.0136354, 0.000927066, 2.62351e-05, 7.07807e-07]
[0.0136799, 0.000933066, 2.64206e-05, 7.15593e-07]
[0.0137096, 0.000937823, 2.66806e-05, 7.25085e-07]
[0.0137545, 0.000943844, 2.69345e-05, 7.34735e-07]
[0.0138005, 0.000950125, 2.72104e-05, 7.43436e-07]
[0.0138465, 0.000956333, 2.74186e-05, 7.51652e-07]
[0.0138792, 0.000961454, 2.76949e-05, 7.62021e-07]
[0.0139256, 0.000968035, 2.79657e-05, 7.7235e-07]
[0.0139733, 0.000974504, 8.18106e-06]

-----------------------< end summary >-----------------------
diff = 1.3807798227183662e-05
