----------------
 discretization 
----------------
solving on [0, 0.0075]
no. of spatial points = [320, 320], dx = [0.003125, 0.003125]
no. of time intervals = 4, dt = 5.859375e-05
collocation points = [1.95313e-05 5.85937e-05]
alphas = [1e-08]
betas = [1.0]
rolling intervals = 32

-----------------
 parallelization 
-----------------
proc. for collocation-space problem: 1
proc. for time problem: 4
total: 4

-------
 other 
-------
maxiter of paradiag = 50
output document = None
tol = 1e-05
inner solver = custom
inner solver tol = 1e-07
inner solver maxiter = 500

--------
 output 
--------
convergence = 1
iterations of paradiag = [3, 3, 3, 3, 3, 3, 3, 3, 3, 3, 3, 3, 3, 3, 3, 3, 3, 3, 3, 3, 3, 3, 3, 3, 3, 3, 3, 3, 3, 3, 3, 3]
total iterations of paradiag = 96
max iterations of paradiag = 3
min iterations of paradiag = 3

algorithm time = 57.52111 s
communication time = 1.05730 s

consecutive errors = 
[inf, 0.0672672, 0.00137881, 7.14419e-05]
[inf, 0.0672491, 0.00126455, 6.21631e-05]
[inf, 0.0673853, 0.00116776, 6.10619e-05]
[inf, 0.0676551, 0.0011748, 6.17985e-05]
[inf, 0.0678404, 0.00118476, 6.2422e-05]
[inf, 0.0682632, 0.00131165, 6.4712e-05]
[inf, 0.0683959, 0.00120259, 6.39044e-05]
[inf, 0.0687243, 0.0013148, 6.63755e-05]
[inf, 0.0690091, 0.0013265, 6.68645e-05]
[inf, 0.0693124, 0.0013354, 6.78337e-05]
[inf, 0.0696483, 0.00140398, 7.12074e-05]
[inf, 0.0698093, 0.00135456, 6.91902e-05]
[inf, 0.0701141, 0.00136991, 7.02178e-05]
[inf, 0.0704099, 0.00136896, 7.11866e-05]
[inf, 0.070634, 0.00138222, 7.16908e-05]
[inf, 0.0709494, 0.00138871, 7.26295e-05]
[inf, 0.0712697, 0.00139005, 7.36814e-05]
[inf, 0.071406, 0.00131767, 7.28973e-05]
[inf, 0.0717232, 0.00132965, 7.389e-05]
[inf, 0.0720476, 0.00134025, 7.49074e-05]
[inf, 0.0723201, 0.00135264, 7.57902e-05]
[inf, 0.072646, 0.00136542, 7.6837e-05]
[inf, 0.0729886, 0.00137662, 7.79342e-05]
[inf, 0.0732752, 0.00138962, 7.88921e-05]
[inf, 0.0736162, 0.00140323, 8.00124e-05]
[inf, 0.0739735, 0.00141518, 8.11868e-05]
[inf, 0.0742769, 0.00142893, 8.22254e-05]
[inf, 0.07463, 0.0014433, 8.34224e-05]
[inf, 0.0750035, 0.00145622, 8.46834e-05]
[inf, 0.0753272, 0.00147078, 8.58112e-05]
[inf, 0.0756971, 0.00148584, 8.71053e-05]
[inf, 0.0760811, 0.00143406, 1.82423e-05]
residuals = 
[0.0192311, 0.00193312, 8.48447e-05, 3.51113e-06]
[0.0167518, 0.00185669, 7.01109e-05, 2.79915e-06]
[0.0168218, 0.00177118, 6.91202e-05, 2.82725e-06]
[0.0168884, 0.00178525, 6.96987e-05, 2.86248e-06]
[0.0169355, 0.00179659, 7.05772e-05, 2.91085e-06]
[0.0170021, 0.00192596, 7.29876e-05, 2.95058e-06]
[0.0170727, 0.00182577, 7.2121e-05, 2.99353e-06]
[0.0171252, 0.00196292, 7.44131e-05, 3.03883e-06]
[0.0171935, 0.00195443, 7.56512e-05, 3.10117e-06]
[0.0172654, 0.00198786, 7.65481e-05, 3.13504e-06]
[0.0173334, 0.00214754, 8.06775e-05, 3.27674e-06]
[0.0173927, 0.00201943, 7.82139e-05, 3.24581e-06]
[0.0174671, 0.00206893, 7.94363e-05, 3.28784e-06]
[0.0175418, 0.00209008, 7.9972e-05, 3.34957e-06]
[0.0176017, 0.00209467, 8.1188e-05, 3.4076e-06]
[0.0176773, 0.00210229, 8.23337e-05, 3.4612e-06]
[0.0177555, 0.00216787, 8.28213e-05, 3.51816e-06]
[0.0178173, 0.00199459, 8.24847e-05, 3.57537e-06]
[0.0178983, 0.00201113, 8.35953e-05, 3.6371e-06]
[0.017979, 0.00203027, 8.46031e-05, 3.69436e-06]
[0.0180434, 0.00204637, 8.57328e-05, 3.76187e-06]
[0.0181297, 0.00206502, 8.69302e-05, 3.83139e-06]
[0.0182131, 0.00208424, 8.80297e-05, 3.89422e-06]
[0.0182823, 0.00210161, 8.92191e-05, 3.96797e-06]
[0.0183708, 0.00212163, 9.05305e-05, 4.04257e-06]
[0.0184577, 0.00214149, 9.17143e-05, 4.11162e-06]
[0.0185306, 0.00216012, 9.2986e-05, 4.19039e-06]
[0.0186231, 0.00218101, 9.43877e-05, 4.27286e-06]
[0.0187135, 0.00220234, 9.56721e-05, 4.34731e-06]
[0.0187894, 0.00222261, 9.70644e-05, 4.43402e-06]
[0.0188868, 0.00224362, 9.85341e-05, 4.52233e-06]
[0.0189811, 0.00226697, 2.83459e-05, 2.12639e-07]

-----------------------< end summary >-----------------------
