----------------
 discretization 
----------------
solving on [0, 0.0075]
no. of spatial points = [320, 320], dx = [0.003125, 0.003125]
no. of time intervals = 1, dt = 5.859375e-05
collocation points = [1.95313e-05 5.85937e-05]
alphas = [0]
betas = [1.0]
rolling intervals = 128

-----------------
 parallelization 
-----------------
proc. for collocation-space problem: 1
proc. for time problem: 1
total: 1

-------
 other 
-------
maxiter of paradiag = 50
output document = None
tol = 1e-05
inner solver = custom
inner solver tol = 1e-07
inner solver maxiter = 500

--------
 output 
--------
convergence = 1
iterations of paradiag = [2, 2, 2, 2, 2, 2, 2, 2, 2, 2, 2, 2, 2, 2, 2, 2, 2, 2, 2, 2, 2, 2, 2, 2, 2, 2, 2, 2, 2, 2, 2, 2, 2, 2, 2, 2, 2, 2, 2, 2, 2, 2, 2, 2, 2, 2, 2, 2, 2, 2, 2, 2, 2, 2, 2, 2, 2, 2, 2, 2, 2, 2, 2, 2, 2, 2, 2, 2, 2, 2, 2, 2, 2, 2, 2, 2, 2, 2, 2, 2, 2, 2, 2, 2, 2, 2, 2, 2, 2, 2, 2, 2, 2, 2, 2, 2, 2, 2, 2, 2, 2, 2, 2, 2, 2, 2, 2, 2, 2, 2, 2, 2, 2, 2, 2, 2, 2, 2, 2, 2, 2, 2, 2, 2, 2, 2, 2, 2]
total iterations of paradiag = 256
max iterations of paradiag = 2
min iterations of paradiag = 2

algorithm time = 130.41460 s
communication time = 0.00000 s

consecutive errors = 
[inf, 0.0171066, 4.31393e-05]
[inf, 0.0167346, 3.50372e-05]
[inf, 0.01673, 3.37292e-05]
[inf, 0.0167446, 3.3326e-05]
[inf, 0.016761, 3.32192e-05]
[inf, 0.0167777, 3.32163e-05]
[inf, 0.0167959, 3.32541e-05]
[inf, 0.0168116, 3.3273e-05]
[inf, 0.0168275, 3.32833e-05]
[inf, 0.0168452, 3.33526e-05]
[inf, 0.0168621, 3.34067e-05]
[inf, 0.0168786, 3.34856e-05]
[inf, 0.0168959, 3.35435e-05]
[inf, 0.0169124, 3.36113e-05]
[inf, 0.0169218, 3.36838e-05]
[inf, 0.0169229, 3.37504e-05]
[inf, 0.0169426, 3.38169e-05]
[inf, 0.0169584, 3.38847e-05]
[inf, 0.0169758, 3.39504e-05]
[inf, 0.0169939, 3.40196e-05]
[inf, 0.0170097, 3.40613e-05]
[inf, 0.0170272, 3.40786e-05]
[inf, 0.0170453, 3.41516e-05]
[inf, 0.0170627, 3.42106e-05]
[inf, 0.0170798, 3.42926e-05]
[inf, 0.0170973, 3.43525e-05]
[inf, 0.0171147, 3.44253e-05]
[inf, 0.0171256, 3.45007e-05]
[inf, 0.0171285, 3.45703e-05]
[inf, 0.0171484, 3.464e-05]
[inf, 0.0171653, 3.47113e-05]
[inf, 0.0171827, 3.47807e-05]
[inf, 0.0172018, 3.4853e-05]
[inf, 0.0172184, 3.48981e-05]
[inf, 0.0172359, 3.49203e-05]
[inf, 0.0172548, 3.50039e-05]
[inf, 0.0172729, 3.50576e-05]
[inf, 0.0172907, 3.51493e-05]
[inf, 0.0173091, 3.52168e-05]
[inf, 0.0173269, 3.52847e-05]
[inf, 0.0173376, 3.5367e-05]
[inf, 0.0173451, 3.54419e-05]
[inf, 0.0173635, 3.55156e-05]
[inf, 0.0173827, 3.55895e-05]
[inf, 0.0173985, 3.56626e-05]
[inf, 0.0174196, 3.57385e-05]
[inf, 0.0174378, 3.57772e-05]
[inf, 0.0174553, 3.58048e-05]
[inf, 0.0174739, 3.59071e-05]
[inf, 0.0174929, 3.59715e-05]
[inf, 0.0175121, 3.60538e-05]
[inf, 0.017531, 3.61351e-05]
[inf, 0.0175489, 3.62043e-05]
[inf, 0.0175577, 3.62808e-05]
[inf, 0.017572, 3.63637e-05]
[inf, 0.0175869, 3.64421e-05]
[inf, 0.01761, 3.65182e-05]
[inf, 0.0176279, 3.66003e-05]
[inf, 0.0176466, 3.66746e-05]
[inf, 0.0176673, 3.67005e-05]
[inf, 0.0176865, 3.67783e-05]
[inf, 0.0177056, 3.68545e-05]
[inf, 0.0177251, 3.69441e-05]
[inf, 0.0177445, 3.70095e-05]
[inf, 0.0177639, 3.71016e-05]
[inf, 0.0177799, 3.71864e-05]
[inf, 0.0177868, 3.72657e-05]
[inf, 0.0178075, 3.73464e-05]
[inf, 0.0178275, 3.74301e-05]
[inf, 0.0178454, 3.75128e-05]
[inf, 0.0178677, 3.75956e-05]
[inf, 0.017887, 3.76544e-05]
[inf, 0.0179056, 3.76891e-05]
[inf, 0.0179266, 3.77965e-05]
[inf, 0.017947, 3.78719e-05]
[inf, 0.0179671, 3.79574e-05]
[inf, 0.0179879, 3.80506e-05]
[inf, 0.0180075, 3.81296e-05]
[inf, 0.0180179, 3.82082e-05]
[inf, 0.0180356, 3.83013e-05]
[inf, 0.0180537, 3.83886e-05]
[inf, 0.0180758, 3.8477e-05]
[inf, 0.0180969, 3.85653e-05]
[inf, 0.0181155, 3.8646e-05]
[inf, 0.0181377, 3.86724e-05]
[inf, 0.0181593, 3.87847e-05]
[inf, 0.0181802, 3.88527e-05]
[inf, 0.018201, 3.89591e-05]
[inf, 0.0182219, 3.90486e-05]
[inf, 0.0182432, 3.91258e-05]
[inf, 0.0182576, 3.92251e-05]
[inf, 0.0182731, 3.93198e-05]
[inf, 0.0182908, 3.94111e-05]
[inf, 0.0183153, 3.95005e-05]
[inf, 0.0183364, 3.95946e-05]
[inf, 0.0183558, 3.96842e-05]
[inf, 0.0183797, 3.97182e-05]
[inf, 0.0184017, 3.98296e-05]
[inf, 0.0184234, 3.98986e-05]
[inf, 0.0184452, 4.00148e-05]
[inf, 0.0184667, 4.01072e-05]
[inf, 0.018489, 4.01871e-05]
[inf, 0.0185055, 4.02958e-05]
[inf, 0.0185213, 4.0395e-05]
[inf, 0.0185401, 4.04912e-05]
[inf, 0.0185651, 4.0586e-05]
[inf, 0.0185873, 4.06842e-05]
[inf, 0.0186071, 4.07799e-05]
[inf, 0.0186322, 4.08194e-05]
[inf, 0.0186553, 4.09376e-05]
[inf, 0.0186779, 4.10174e-05]
[inf, 0.0187005, 4.11301e-05]
[inf, 0.0187228, 4.1233e-05]
[inf, 0.0187462, 4.13213e-05]
[inf, 0.0187629, 4.14258e-05]
[inf, 0.0187805, 4.15327e-05]
[inf, 0.0188022, 4.16348e-05]
[inf, 0.0188255, 4.17338e-05]
[inf, 0.0188503, 4.18407e-05]
[inf, 0.0188719, 4.19389e-05]
[inf, 0.0188954, 4.19874e-05]
[inf, 0.0189202, 4.21085e-05]
[inf, 0.018944, 4.22105e-05]
[inf, 0.0189674, 4.23042e-05]
[inf, 0.0189915, 4.24263e-05]
[inf, 0.0190152, 4.25293e-05]
[inf, 0.0190299, 4.26288e-05]
[inf, 0.01905, 4.28484e-05]
residuals = 
[0.0192311, 6.16264e-05, 2.66763e-07]
[0.0167323, 4.89792e-05, 1.95594e-07]
[0.0167299, 4.75355e-05, 1.84971e-07]
[0.0167356, 4.7001e-05, 1.81774e-07]
[0.0167505, 4.68437e-05, 1.80928e-07]
[0.0167711, 4.68947e-05, 1.80917e-07]
[0.0167875, 4.69862e-05, 1.81247e-07]
[0.0168026, 4.71044e-05, 1.817e-07]
[0.0168211, 4.72048e-05, 1.8219e-07]
[0.016838, 4.7298e-05, 1.82557e-07]
[0.0168546, 4.73947e-05, 1.82667e-07]
[0.0168714, 4.7488e-05, 1.83089e-07]
[0.0168878, 4.75136e-05, 1.83716e-07]
[0.0169048, 4.75791e-05, 1.8425e-07]
[0.0169175, 4.76724e-05, 1.84732e-07]
[0.0169203, 4.77655e-05, 1.85367e-07]
[0.0169348, 4.7835e-05, 1.859e-07]
[0.0169483, 4.79483e-05, 1.86408e-07]
[0.0169688, 4.80296e-05, 1.86948e-07]
[0.016985, 4.81269e-05, 1.8753e-07]
[0.0170015, 4.82341e-05, 1.88124e-07]
[0.0170201, 4.83325e-05, 1.88685e-07]
[0.0170374, 4.84287e-05, 1.89146e-07]
[0.0170545, 4.85241e-05, 1.89305e-07]
[0.0170719, 4.86246e-05, 1.89755e-07]
[0.0170892, 4.8665e-05, 1.90421e-07]
[0.0171066, 4.87257e-05, 1.90989e-07]
[0.0171207, 4.88212e-05, 1.91482e-07]
[0.0171247, 4.89211e-05, 1.92174e-07]
[0.0171405, 4.90004e-05, 1.9274e-07]
[0.0171549, 4.91223e-05, 1.93281e-07]
[0.0171756, 4.92096e-05, 1.93854e-07]
[0.0171927, 4.93069e-05, 1.94472e-07]
[0.0172093, 4.94208e-05, 1.95103e-07]
[0.0172288, 4.95246e-05, 1.95699e-07]
[0.0172468, 4.96253e-05, 1.96187e-07]
[0.0172646, 4.97271e-05, 1.96414e-07]
[0.0172826, 4.98317e-05, 1.96976e-07]
[0.0173004, 4.98694e-05, 1.97586e-07]
[0.0173186, 4.99425e-05, 1.98257e-07]
[0.0173327, 5.00449e-05, 1.98727e-07]
[0.0173363, 5.0157e-05, 1.9947e-07]
[0.017356, 5.0224e-05, 2.0011e-07]
[0.0173726, 5.03664e-05, 2.00707e-07]
[0.0173918, 5.04693e-05, 2.01321e-07]
[0.017411, 5.05606e-05, 2.01968e-07]
[0.0174277, 5.06736e-05, 2.0261e-07]
[0.017447, 5.07856e-05, 2.03241e-07]
[0.0174663, 5.089e-05, 2.03689e-07]
[0.017485, 5.10065e-05, 2.03975e-07]
[0.0175035, 5.1111e-05, 2.04745e-07]
[0.0175222, 5.11246e-05, 2.05188e-07]
[0.017541, 5.12522e-05, 2.06045e-07]
[0.0175533, 5.13425e-05, 2.06652e-07]
[0.0175621, 5.1469e-05, 2.07239e-07]
[0.0175805, 5.15683e-05, 2.07997e-07]
[0.0176009, 5.16718e-05, 2.08678e-07]
[0.0176167, 5.18018e-05, 2.09343e-07]
[0.0176389, 5.19112e-05, 2.10008e-07]
[0.0176581, 5.20191e-05, 2.10674e-07]
[0.0176764, 5.21333e-05, 2.11355e-07]
[0.0176951, 5.22501e-05, 2.11663e-07]
[0.0177149, 5.2363e-05, 2.12188e-07]
[0.0177352, 5.24529e-05, 2.13008e-07]
[0.0177546, 5.25029e-05, 2.1368e-07]
[0.0177731, 5.26154e-05, 2.1429e-07]
[0.0177815, 5.27424e-05, 2.15116e-07]
[0.0177992, 5.28295e-05, 2.15794e-07]
[0.0178163, 5.29792e-05, 2.16445e-07]
[0.0178379, 5.30863e-05, 2.17137e-07]
[0.017858, 5.31865e-05, 2.17885e-07]
[0.0178757, 5.33226e-05, 2.18651e-07]
[0.0178975, 5.34449e-05, 2.19372e-07]
[0.0179181, 5.35614e-05, 2.19968e-07]
[0.0179381, 5.36845e-05, 2.20259e-07]
[0.0179582, 5.38035e-05, 2.21218e-07]
[0.0179781, 5.38349e-05, 2.21758e-07]
[0.0179986, 5.39754e-05, 2.22664e-07]
[0.0180128, 5.40743e-05, 2.2341e-07]
[0.0180258, 5.42091e-05, 2.24038e-07]
[0.0180427, 5.43387e-05, 2.24873e-07]
[0.0180669, 5.44314e-05, 2.2567e-07]
[0.0180857, 5.45812e-05, 2.26433e-07]
[0.0181068, 5.47115e-05, 2.27177e-07]
[0.0181288, 5.48349e-05, 2.27968e-07]
[0.0181493, 5.496e-05, 2.28713e-07]
[0.0181699, 5.50827e-05, 2.29062e-07]
[0.018191, 5.52102e-05, 2.29965e-07]
[0.0182122, 5.52879e-05, 2.30539e-07]
[0.0182332, 5.54017e-05, 2.31553e-07]
[0.0182511, 5.54896e-05, 2.32273e-07]
[0.0182623, 5.56523e-05, 2.33018e-07]
[0.0182815, 5.57753e-05, 2.33928e-07]
[0.0183055, 5.58851e-05, 2.34749e-07]
[0.0183242, 5.60422e-05, 2.35558e-07]
[0.0183477, 5.61733e-05, 2.3637e-07]
[0.0183699, 5.63008e-05, 2.37175e-07]
[0.0183908, 5.64339e-05, 2.38012e-07]
[0.0184121, 5.65684e-05, 2.38414e-07]
[0.0184342, 5.6701e-05, 2.39366e-07]
[0.0184567, 5.67993e-05, 2.39996e-07]
[0.0184786, 5.69094e-05, 2.41068e-07]
[0.0184983, 5.70041e-05, 2.4183e-07]
[0.0185102, 5.7173e-05, 2.42642e-07]
[0.0185297, 5.73048e-05, 2.4361e-07]
[0.0185551, 5.74174e-05, 2.44486e-07]
[0.0185748, 5.75848e-05, 2.45351e-07]
[0.0185987, 5.7724e-05, 2.46221e-07]
[0.0186221, 5.78591e-05, 2.47078e-07]
[0.018644, 5.79994e-05, 2.47979e-07]
[0.0186662, 5.81407e-05, 2.48377e-07]
[0.0186892, 5.82809e-05, 2.49491e-07]
[0.0187125, 5.83829e-05, 2.50146e-07]
[0.0187353, 5.85022e-05, 2.51273e-07]
[0.0187555, 5.86268e-05, 2.52159e-07]
[0.0187699, 5.87745e-05, 2.5291e-07]
[0.0187882, 5.89336e-05, 2.53981e-07]
[0.0188159, 5.9047e-05, 2.54947e-07]
[0.0188381, 5.92128e-05, 2.5588e-07]
[0.0188603, 5.93693e-05, 2.56797e-07]
[0.0188858, 5.95157e-05, 2.57756e-07]
[0.0189094, 5.96625e-05, 2.58682e-07]
[0.0189328, 5.98048e-05, 2.59108e-07]
[0.0189565, 5.99579e-05, 2.60345e-07]
[0.0189801, 6.00428e-05, 2.6122e-07]
[0.0190041, 6.017e-05, 2.62164e-07]
[0.019023, 6.03517e-05, 2.63271e-07]
[0.0190406, 6.04561e-05, 1.72107e-08]

-----------------------< end summary >-----------------------
